Archive member included because of file (symbol)

C:\Users\Lingke\Desktop\Personal\EE2028\Lib_CMSISv1p30_LPC17xx\Debug\libCMSISv1p30_LPC17xx.a(system_LPC17xx.o)
                              ./src/main.o (SystemCoreClock)
C:\Users\Lingke\Desktop\Personal\EE2028\Lib_EaBaseBoard\Debug\libLib_EaBaseBoard.a(acc.o)
                              ./src/main.o (acc_init)
C:\Users\Lingke\Desktop\Personal\EE2028\Lib_EaBaseBoard\Debug\libLib_EaBaseBoard.a(joystick.o)
                              ./src/main.o (joystick_init)
C:\Users\Lingke\Desktop\Personal\EE2028\Lib_EaBaseBoard\Debug\libLib_EaBaseBoard.a(led7seg.o)
                              ./src/main.o (led7seg_init)
C:\Users\Lingke\Desktop\Personal\EE2028\Lib_EaBaseBoard\Debug\libLib_EaBaseBoard.a(light.o)
                              ./src/main.o (light_init)
C:\Users\Lingke\Desktop\Personal\EE2028\Lib_EaBaseBoard\Debug\libLib_EaBaseBoard.a(oled.o)
                              ./src/main.o (oled_init)
C:\Users\Lingke\Desktop\Personal\EE2028\Lib_EaBaseBoard\Debug\libLib_EaBaseBoard.a(pca9532.o)
                              ./src/main.o (pca9532_init)
C:\Users\Lingke\Desktop\Personal\EE2028\Lib_EaBaseBoard\Debug\libLib_EaBaseBoard.a(temp.o)
                              ./src/main.o (temp_init)
C:\Users\Lingke\Desktop\Personal\EE2028\Lib_EaBaseBoard\Debug\libLib_EaBaseBoard.a(font5x7.o)
                              C:\Users\Lingke\Desktop\Personal\EE2028\Lib_EaBaseBoard\Debug\libLib_EaBaseBoard.a(oled.o) (font5x7)
C:\Users\Lingke\Desktop\Personal\EE2028\Lib_MCU\Debug\libLib_MCU.a(lpc17xx_gpio.o)
                              ./src/main.o (GPIO_SetDir)
C:\Users\Lingke\Desktop\Personal\EE2028\Lib_MCU\Debug\libLib_MCU.a(lpc17xx_i2c.o)
                              ./src/main.o (I2C_Init)
C:\Users\Lingke\Desktop\Personal\EE2028\Lib_MCU\Debug\libLib_MCU.a(lpc17xx_libcfg_default.o)
                              C:\Users\Lingke\Desktop\Personal\EE2028\Lib_MCU\Debug\libLib_MCU.a(lpc17xx_i2c.o) (check_failed)
C:\Users\Lingke\Desktop\Personal\EE2028\Lib_MCU\Debug\libLib_MCU.a(lpc17xx_pinsel.o)
                              ./src/main.o (PINSEL_ConfigPin)
C:\Users\Lingke\Desktop\Personal\EE2028\Lib_MCU\Debug\libLib_MCU.a(lpc17xx_ssp.o)
                              ./src/main.o (SSP_Init)
C:\Users\Lingke\Desktop\Personal\EE2028\Lib_MCU\Debug\libLib_MCU.a(lpc17xx_timer.o)
                              ./src/main.o (Timer0_us_Wait)
C:\Users\Lingke\Desktop\Personal\EE2028\Lib_MCU\Debug\libLib_MCU.a(lpc17xx_uart.o)
                              ./src/main.o (UART_TxCmd)
C:\Users\Lingke\Desktop\Personal\EE2028\Lib_MCU\Debug\libLib_MCU.a(lpc17xx_clkpwr.o)
                              C:\Users\Lingke\Desktop\Personal\EE2028\Lib_MCU\Debug\libLib_MCU.a(lpc17xx_i2c.o) (CLKPWR_SetPCLKDiv)
c:/nxp/lpcxpresso_6.1.4_194/lpcxpresso/tools/bin/../lib/gcc/arm-none-eabi/4.6.2/armv7-m\libgcc.a(_arm_addsubdf3.o)
                              ./src/main.o (__aeabi_i2d)
c:/nxp/lpcxpresso_6.1.4_194/lpcxpresso/tools/bin/../lib/gcc/arm-none-eabi/4.6.2/armv7-m\libgcc.a(_arm_muldivdf3.o)
                              ./src/main.o (__aeabi_ddiv)
c:/nxp/lpcxpresso_6.1.4_194/lpcxpresso/tools/bin/../lib/gcc/arm-none-eabi/4.6.2/armv7-m\libgcc.a(_arm_truncdfsf2.o)
                              ./src/main.o (__aeabi_d2f)
c:/nxp/lpcxpresso_6.1.4_194/lpcxpresso/tools/bin/../lib/gcc/arm-none-eabi/4.6.2/armv7-m\libgcc.a(_arm_cmpsf2.o)
                              ./src/main.o (__aeabi_fcmpgt)
c:/nxp/lpcxpresso_6.1.4_194/lpcxpresso/tools/bin/../lib/gcc/arm-none-eabi/4.6.2/armv7-m\libgcc.a(_aeabi_uldivmod.o)
                              C:\Users\Lingke\Desktop\Personal\EE2028\Lib_CMSISv1p30_LPC17xx\Debug\libCMSISv1p30_LPC17xx.a(system_LPC17xx.o) (__aeabi_uldivmod)
c:/nxp/lpcxpresso_6.1.4_194/lpcxpresso/tools/bin/../lib/gcc/arm-none-eabi/4.6.2/armv7-m\libgcc.a(bpabi.o)
                              c:/nxp/lpcxpresso_6.1.4_194/lpcxpresso/tools/bin/../lib/gcc/arm-none-eabi/4.6.2/armv7-m\libgcc.a(_aeabi_uldivmod.o) (__gnu_uldivmod_helper)
c:/nxp/lpcxpresso_6.1.4_194/lpcxpresso/tools/bin/../lib/gcc/arm-none-eabi/4.6.2/armv7-m\libgcc.a(_dvmd_tls.o)
                              c:/nxp/lpcxpresso_6.1.4_194/lpcxpresso/tools/bin/../lib/gcc/arm-none-eabi/4.6.2/armv7-m\libgcc.a(_aeabi_uldivmod.o) (__aeabi_ldiv0)
c:/nxp/lpcxpresso_6.1.4_194/lpcxpresso/tools/bin/../lib/gcc/arm-none-eabi/4.6.2/armv7-m\libgcc.a(_divdi3.o)
                              c:/nxp/lpcxpresso_6.1.4_194/lpcxpresso/tools/bin/../lib/gcc/arm-none-eabi/4.6.2/armv7-m\libgcc.a(bpabi.o) (__divdi3)
c:/nxp/lpcxpresso_6.1.4_194/lpcxpresso/tools/bin/../lib/gcc/arm-none-eabi/4.6.2/armv7-m\libgcc.a(_udivdi3.o)
                              c:/nxp/lpcxpresso_6.1.4_194/lpcxpresso/tools/bin/../lib/gcc/arm-none-eabi/4.6.2/armv7-m\libgcc.a(bpabi.o) (__udivdi3)
c:/nxp/lpcxpresso_6.1.4_194/lpcxpresso/tools/bin/../lib/gcc/arm-none-eabi/4.6.2/../../../../arm-none-eabi/lib/armv7-m\libc.a(lib_a-memset.o)
[...]
Memory Configuration

Name             Origin             Length             Attributes
MFlash512        0x00000000         0x00080000         xr
RamLoc32         0x10000000         0x00008000         xrw
RamAHB32         0x2007c000         0x00008000         xrw
*default*        0x00000000         0xffffffff

Linker script and memory map

LOAD ./src/cr_startup_lpc17.o
LOAD ./src/main.o
LOAD C:\Users\Lingke\Desktop\Personal\EE2028\Lib_CMSISv1p30_LPC17xx\Debug\libCMSISv1p30_LPC17xx.a
LOAD C:\Users\Lingke\Desktop\Personal\EE2028\Lib_EaBaseBoard\Debug\libLib_EaBaseBoard.a
LOAD C:\Users\Lingke\Desktop\Personal\EE2028\Lib_MCU\Debug\libLib_MCU.a
START GROUP
LOAD c:/nxp/lpcxpresso_6.1.4_194/lpcxpresso/tools/bin/../lib/gcc/arm-none-eabi/4.6.2/armv7-m\libgcc.a
LOAD c:/nxp/lpcxpresso_6.1.4_194/lpcxpresso/tools/bin/../lib/gcc/arm-none-eabi/4.6.2/../../../../arm-none-eabi/lib/armv7-m\libc.a
LOAD c:/nxp/lpcxpresso_6.1.4_194/lpcxpresso/tools/bin/../lib/gcc/arm-none-eabi/4.6.2/../../../../arm-none-eabi/lib/armv7-m\libm.a
LOAD c:/nxp/lpcxpresso_6.1.4_194/lpcxpresso/tools/bin/../lib/gcc/arm-none-eabi/4.6.2/../../../../arm-none-eabi/lib/armv7-m\libcr_newlib_semihost.a
END GROUP
                0x00080000                __top_MFlash512 = 0x80000
                0x10008000                __top_RamLoc32 = 0x10008000
                0x20084000                __top_RamAHB32 = 0x20084000

.text           0x00000000     0xa804
 FILL mask 0xff
                0x00000000                __vectors_start__ = ABSOLUTE (.)
 *(.isr_vector)
 .isr_vector    0x00000000       0xcc ./src/cr_startup_lpc17.o
                0x00000000                g_pfnVectors
                0x000000cc                . = ALIGN (0x4)
                0x000000cc                __section_table_start = .
                0x000000cc                __data_section_table = .
                0x000000cc        0x4 LONG 0xa80c LOADADDR (.data)
                0x000000d0        0x4 LONG 0x10000000 ADDR (.data)
                0x000000d4        0x4 LONG 0x8d4 SIZEOF (.data)
                0x000000d8        0x4 LONG 0xa80c LOADADDR (.data_RAM2)
                0x000000dc        0x4 LONG 0x2007c000 ADDR (.data_RAM2)
                0x000000e0        0x4 LONG 0x0 SIZEOF (.data_RAM2)
                0x000000e4                __data_section_table_end = .
                0x000000e4                __bss_section_table = .
                0x000000e4        0x4 LONG 0x100008d4 ADDR (.bss)
                0x000000e8        0x4 LONG 0x45c SIZEOF (.bss)
                0x000000ec        0x4 LONG 0x2007c000 ADDR (.bss_RAM2)
                0x000000f0        0x4 LONG 0x0 SIZEOF (.bss_RAM2)
                0x000000f4                __bss_section_table_end = .
                0x000000f4                __section_table_end = .
 *(.after_vectors*)
 *(.text*)
 .text.ResetISR
                0x000000f4       0x68 ./src/cr_startup_lpc17.o
                0x000000f4                ResetISR
 .text.NMI_Handler
                0x0000015c        0x8 ./src/cr_startup_lpc17.o
                0x0000015c                NMI_Handler
 .text.HardFault_Handler
                0x00000164        0x8 ./src/cr_startup_lpc17.o
                0x00000164                HardFault_Handler
 .text.MemManage_Handler
                0x0000016c        0x8 ./src/cr_startup_lpc17.o
                0x0000016c                MemManage_Handler
 .text.BusFault_Handler
                0x00000174        0x8 ./src/cr_startup_lpc17.o
                0x00000174                BusFault_Handler
 .text.UsageFault_Handler
                0x0000017c        0x8 ./src/cr_startup_lpc17.o
                0x0000017c                UsageFault_Handler
 .text.SVCall_Handler
                0x00000184        0x8 ./src/cr_startup_lpc17.o
                0x00000184                SVCall_Handler
 .text.DebugMon_Handler
                0x0000018c        0x8 ./src/cr_startup_lpc17.o
                0x0000018c                DebugMon_Handler
 .text.PendSV_Handler
                0x00000194        0x8 ./src/cr_startup_lpc17.o
                0x00000194                PendSV_Handler
 .text.IntDefaultHandler
                0x0000019c        0x8 ./src/cr_startup_lpc17.o
                0x0000019c                TIMER2_IRQHandler
                0x0000019c                RIT_IRQHandler
                0x0000019c                I2C0_IRQHandler
                0x0000019c                USBActivity_IRQHandler
                0x0000019c                PWM1_IRQHandler
                0x0000019c                I2C1_IRQHandler
                0x0000019c                EINT2_IRQHandler
                0x0000019c                UART1_IRQHandler
                0x0000019c                CANActivity_IRQHandler
                0x0000019c                TIMER3_IRQHandler
                0x0000019c                UART0_IRQHandler
                0x0000019c                IntDefaultHandler
                0x0000019c                PLL0_IRQHandler
                0x0000019c                CAN_IRQHandler
                0x0000019c                PLL1_IRQHandler
                0x0000019c                SSP0_IRQHandler
                0x0000019c                I2S_IRQHandler
                0x0000019c                I2C2_IRQHandler
                0x0000019c                RTC_IRQHandler
                0x0000019c                TIMER0_IRQHandler
                0x0000019c                SPI_IRQHandler
                0x0000019c                EINT1_IRQHandler
                0x0000019c                TIMER1_IRQHandler
                0x0000019c                UART2_IRQHandler
                0x0000019c                ADC_IRQHandler
                0x0000019c                SSP1_IRQHandler
                0x0000019c                USB_IRQHandler
                0x0000019c                BOD_IRQHandler
                0x0000019c                WDT_IRQHandler
                0x0000019c                QEI_IRQHandler
                0x0000019c                EINT0_IRQHandler
                0x0000019c                DMA_IRQHandler
                0x0000019c                UART3_IRQHandler
                0x0000019c                MCPWM_IRQHandler
                0x0000019c                ENET_IRQHandler
 .text.NVIC_EnableIRQ
                0x000001a4       0x38 ./src/main.o
 .text.NVIC_ClearPendingIRQ
                0x000001dc       0x3c ./src/main.o
 .text.NVIC_SetPriority
                0x00000218       0x5c ./src/main.o
 .text.SysTick_Config
                0x00000274       0x64 ./src/main.o
 .text.main     0x000002d8      0x2e8 ./src/main.o
                0x000002d8                main
 .text.scheduler
                0x000005c0       0xf4 ./src/main.o
                0x000005c0                scheduler
 .text.start_function
                0x000006b4       0x38 ./src/main.o
                0x000006b4                start_function
 .text.halt_me  0x000006ec       0x2c ./src/main.o
                0x000006ec                halt_me
 .text.start_task
                0x00000718       0x2c ./src/main.o
                0x00000718                start_task
 .text.halt_task
                0x00000744       0x2c ./src/main.o
                0x00000744                halt_task
 .text.delay    0x00000770       0x54 ./src/main.o
                0x00000770                delay
 .text.mode_Switch
                0x000007c4       0x80 ./src/main.o
                0x000007c4                mode_Switch
 .text.CARETAKER_mode
                0x00000844       0x40 ./src/main.o
                0x00000844                CARETAKER_mode
 .text.MONITOR_mode
                0x00000884       0x38 ./src/main.o
                0x00000884                MONITOR_mode
 .text.SysTick_Handler
                0x000008bc       0x24 ./src/main.o
                0x000008bc                SysTick_Handler
 .text.getTicks
                0x000008e0       0x18 ./src/main.o
                0x000008e0                getTicks
 .text.NAME_welcome
                0x000008f8       0xb0 ./src/main.o
                0x000008f8                NAME_welcome
 .text.NAME     0x000009a8      0x1e0 ./src/main.o
                0x000009a8                NAME
 .text.OLED_display_title
                0x00000b88       0xac ./src/main.o
                0x00000b88                OLED_display_title
 .text.OLED_display_value
                0x00000c34      0x140 ./src/main.o
                0x00000c34                OLED_display_value
 .text.seven_segment_display
                0x00000d74      0x104 ./src/main.o
                0x00000d74                seven_segment_display
 .text.accel_value_gather
                0x00000e78       0x94 ./src/main.o
                0x00000e78                accel_value_gather
 .text.temp_value_gather
                0x00000f0c       0xa8 ./src/main.o
                0x00000f0c                temp_value_gather
 .text.light_value_gather
                0x00000fb4       0x58 ./src/main.o
                0x00000fb4                light_value_gather
 .text.EINT3_IRQHandler
                0x0000100c       0x58 ./src/main.o
                0x0000100c                EINT3_IRQHandler
 .text.alert_sound
                0x00001064       0x30 ./src/main.o
                0x00001064                alert_sound
 .text.init     0x00001094      0x474 ./src/main.o
                0x00001094                init
 .text.task_init
                0x00001508      0x614 ./src/main.o
                0x00001508                task_init
 .text.accel_init
                0x00001b1c       0x5c ./src/main.o
                0x00001b1c                accel_init
 .text.SystemInit
                0x00001b78      0x22c C:\Users\Lingke\Desktop\Personal\EE2028\Lib_CMSISv1p30_LPC17xx\Debug\libCMSISv1p30_LPC17xx.a(system_LPC17xx.o)
                0x00001b78                SystemInit
 .text.I2CRead  0x00001da4       0x5c C:\Users\Lingke\Desktop\Personal\EE2028\Lib_EaBaseBoard\Debug\libLib_EaBaseBoard.a(acc.o)
 .text.I2CWrite
                0x00001e00       0x5c C:\Users\Lingke\Desktop\Personal\EE2028\Lib_EaBaseBoard\Debug\libLib_EaBaseBoard.a(acc.o)
 .text.getStatus
                0x00001e5c       0x3c C:\Users\Lingke\Desktop\Personal\EE2028\Lib_EaBaseBoard\Debug\libLib_EaBaseBoard.a(acc.o)
 .text.setModeControl
                0x00001e98       0x30 C:\Users\Lingke\Desktop\Personal\EE2028\Lib_EaBaseBoard\Debug\libLib_EaBaseBoard.a(acc.o)
 .text.acc_init
                0x00001ec8       0x10 C:\Users\Lingke\Desktop\Personal\EE2028\Lib_EaBaseBoard\Debug\libLib_EaBaseBoard.a(acc.o)
                0x00001ec8                acc_init
 .text.acc_read
                0x00001ed8       0xbc C:\Users\Lingke\Desktop\Personal\EE2028\Lib_EaBaseBoard\Debug\libLib_EaBaseBoard.a(acc.o)
                0x00001ed8                acc_read
 .text.joystick_init
                0x00001f94       0x28 C:\Users\Lingke\Desktop\Personal\EE2028\Lib_EaBaseBoard\Debug\libLib_EaBaseBoard.a(joystick.o)
                0x00001f94                joystick_init
 .text.led7seg_init
                0x00001fbc       0x24 C:\Users\Lingke\Desktop\Personal\EE2028\Lib_EaBaseBoard\Debug\libLib_EaBaseBoard.a(led7seg.o)
                0x00001fbc                led7seg_init
 .text.led7seg_setChar
                0x00001fe0       0x88 C:\Users\Lingke\Desktop\Personal\EE2028\Lib_EaBaseBoard\Debug\libLib_EaBaseBoard.a(led7seg.o)
                0x00001fe0                led7seg_setChar
 .text.I2CRead  0x00002068       0x5c C:\Users\Lingke\Desktop\Personal\EE2028\Lib_EaBaseBoard\Debug\libLib_EaBaseBoard.a(light.o)
 .text.I2CWrite
                0x000020c4       0x5c C:\Users\Lingke\Desktop\Personal\EE2028\Lib_EaBaseBoard\Debug\libLib_EaBaseBoard.a(light.o)
 .text.light_init
                0x00002120        0xc C:\Users\Lingke\Desktop\Personal\EE2028\Lib_EaBaseBoard\Debug\libLib_EaBaseBoard.a(light.o)
                0x00002120                light_init
 .text.light_enable
                0x0000212c       0x48 C:\Users\Lingke\Desktop\Personal\EE2028\Lib_EaBaseBoard\Debug\libLib_EaBaseBoard.a(light.o)
                0x0000212c                light_enable
 .text.light_read
                0x00002174       0x90 C:\Users\Lingke\Desktop\Personal\EE2028\Lib_EaBaseBoard\Debug\libLib_EaBaseBoard.a(light.o)
                0x00002174                light_read
 .text.writeCommand
                0x00002204       0x60 C:\Users\Lingke\Desktop\Personal\EE2028\Lib_EaBaseBoard\Debug\libLib_EaBaseBoard.a(oled.o)
 .text.writeData
                0x00002264       0x60 C:\Users\Lingke\Desktop\Personal\EE2028\Lib_EaBaseBoard\Debug\libLib_EaBaseBoard.a(oled.o)
 .text.writeDataLen
                0x000022c4       0x8c C:\Users\Lingke\Desktop\Personal\EE2028\Lib_EaBaseBoard\Debug\libLib_EaBaseBoard.a(oled.o)
 .text.runInitSequence
                0x00002350      0x118 C:\Users\Lingke\Desktop\Personal\EE2028\Lib_EaBaseBoard\Debug\libLib_EaBaseBoard.a(oled.o)
 .text.oled_init
                0x00002468       0x9c C:\Users\Lingke\Desktop\Personal\EE2028\Lib_EaBaseBoard\Debug\libLib_EaBaseBoard.a(oled.o)
                0x00002468                oled_init
 .text.oled_putPixel
                0x00002504      0x188 C:\Users\Lingke\Desktop\Personal\EE2028\Lib_EaBaseBoard\Debug\libLib_EaBaseBoard.a(oled.o)
                0x00002504                oled_putPixel
 .text.oled_clearScreen
                0x0000268c       0x74 C:\Users\Lingke\Desktop\Personal\EE2028\Lib_EaBaseBoard\Debug\libLib_EaBaseBoard.a(oled.o)
                0x0000268c                oled_clearScreen
 .text.oled_putChar
                0x00002700       0xf0 C:\Users\Lingke\Desktop\Personal\EE2028\Lib_EaBaseBoard\Debug\libLib_EaBaseBoard.a(oled.o)
                0x00002700                oled_putChar
 .text.oled_putString
                0x000027f0       0x54 C:\Users\Lingke\Desktop\Personal\EE2028\Lib_EaBaseBoard\Debug\libLib_EaBaseBoard.a(oled.o)
                0x000027f0                oled_putString
 .text.pca9532_init
                0x00002844        0xc C:\Users\Lingke\Desktop\Personal\EE2028\Lib_EaBaseBoard\Debug\libLib_EaBaseBoard.a(pca9532.o)
                0x00002844                pca9532_init
 .text.temp_init
                0x00002850       0x2c C:\Users\Lingke\Desktop\Personal\EE2028\Lib_EaBaseBoard\Debug\libLib_EaBaseBoard.a(temp.o)
                0x00002850                temp_init
 .text.temp_read
                0x0000287c      0x10c C:\Users\Lingke\Desktop\Personal\EE2028\Lib_EaBaseBoard\Debug\libLib_EaBaseBoard.a(temp.o)
                0x0000287c                temp_read
 .text.GPIO_GetPointer
                0x00002988       0x7c C:\Users\Lingke\Desktop\Personal\EE2028\Lib_MCU\Debug\libLib_MCU.a(lpc17xx_gpio.o)
 .text.GPIO_SetDir
                0x00002a04       0x54 C:\Users\Lingke\Desktop\Personal\EE2028\Lib_MCU\Debug\libLib_MCU.a(lpc17xx_gpio.o)
                0x00002a04                GPIO_SetDir
 .text.GPIO_SetValue
                0x00002a58       0x2c C:\Users\Lingke\Desktop\Personal\EE2028\Lib_MCU\Debug\libLib_MCU.a(lpc17xx_gpio.o)
                0x00002a58                GPIO_SetValue
 .text.GPIO_ClearValue
                0x00002a84       0x2c C:\Users\Lingke\Desktop\Personal\EE2028\Lib_MCU\Debug\libLib_MCU.a(lpc17xx_gpio.o)
                0x00002a84                GPIO_ClearValue
 .text.GPIO_ReadValue
                0x00002ab0       0x30 C:\Users\Lingke\Desktop\Personal\EE2028\Lib_MCU\Debug\libLib_MCU.a(lpc17xx_gpio.o)
                0x00002ab0                GPIO_ReadValue
 .text.NVIC_EnableIRQ
                0x00002ae0       0x38 C:\Users\Lingke\Desktop\Personal\EE2028\Lib_MCU\Debug\libLib_MCU.a(lpc17xx_i2c.o)
 .text.NVIC_DisableIRQ
                0x00002b18       0x3c C:\Users\Lingke\Desktop\Personal\EE2028\Lib_MCU\Debug\libLib_MCU.a(lpc17xx_i2c.o)
 .text.I2C_getNum
                0x00002b54       0x54 C:\Users\Lingke\Desktop\Personal\EE2028\Lib_MCU\Debug\libLib_MCU.a(lpc17xx_i2c.o)
 .text.I2C_Start
                0x00002ba8       0x44 C:\Users\Lingke\Desktop\Personal\EE2028\Lib_MCU\Debug\libLib_MCU.a(lpc17xx_i2c.o)
 .text.I2C_Stop
                0x00002bec       0x38 C:\Users\Lingke\Desktop\Personal\EE2028\Lib_MCU\Debug\libLib_MCU.a(lpc17xx_i2c.o)
 .text.I2C_SendByte
                0x00002c24       0x50 C:\Users\Lingke\Desktop\Personal\EE2028\Lib_MCU\Debug\libLib_MCU.a(lpc17xx_i2c.o)
 .text.I2C_GetByte
                0x00002c74       0x5c C:\Users\Lingke\Desktop\Personal\EE2028\Lib_MCU\Debug\libLib_MCU.a(lpc17xx_i2c.o)
 .text.I2C_IntCmd
                0x00002cd0       0xa8 C:\Users\Lingke\Desktop\Personal\EE2028\Lib_MCU\Debug\libLib_MCU.a(lpc17xx_i2c.o)
                0x00002cd0                I2C_IntCmd
 .text.I2C_MasterHandler
                0x00002d78      0x408 C:\Users\Lingke\Desktop\Personal\EE2028\Lib_MCU\Debug\libLib_MCU.a(lpc17xx_i2c.o)
                0x00002d78                I2C_MasterHandler
 .text.I2C_SetClock
                0x00003180       0xc8 C:\Users\Lingke\Desktop\Personal\EE2028\Lib_MCU\Debug\libLib_MCU.a(lpc17xx_i2c.o)
                0x00003180                I2C_SetClock
 .text.I2C_Init
                0x00003248       0xd8 C:\Users\Lingke\Desktop\Personal\EE2028\Lib_MCU\Debug\libLib_MCU.a(lpc17xx_i2c.o)
                0x00003248                I2C_Init
 .text.I2C_Cmd  0x00003320       0x84 C:\Users\Lingke\Desktop\Personal\EE2028\Lib_MCU\Debug\libLib_MCU.a(lpc17xx_i2c.o)
                0x00003320                I2C_Cmd
 .text.I2C_MasterTransferData
                0x000033a4      0x390 C:\Users\Lingke\Desktop\Personal\EE2028\Lib_MCU\Debug\libLib_MCU.a(lpc17xx_i2c.o)
                0x000033a4                I2C_MasterTransferData
 .text.check_failed
                0x00003734        0xc C:\Users\Lingke\Desktop\Personal\EE2028\Lib_MCU\Debug\libLib_MCU.a(lpc17xx_libcfg_default.o)
                0x00003734                check_failed
 .text.PINSEL_SetPinFunc
                0x00003740       0x9c C:\Users\Lingke\Desktop\Personal\EE2028\Lib_MCU\Debug\libLib_MCU.a(lpc17xx_pinsel.o)
                0x00003740                PINSEL_SetPinFunc
 .text.PINSEL_SetResistorMode
                0x000037dc       0x9c C:\Users\Lingke\Desktop\Personal\EE2028\Lib_MCU\Debug\libLib_MCU.a(lpc17xx_pinsel.o)
                0x000037dc                PINSEL_SetResistorMode
 .text.PINSEL_SetOpenDrainMode
                0x00003878       0x7c C:\Users\Lingke\Desktop\Personal\EE2028\Lib_MCU\Debug\libLib_MCU.a(lpc17xx_pinsel.o)
                0x00003878                PINSEL_SetOpenDrainMode
 .text.PINSEL_ConfigPin
                0x000038f4       0x54 C:\Users\Lingke\Desktop\Personal\EE2028\Lib_MCU\Debug\libLib_MCU.a(lpc17xx_pinsel.o)
                0x000038f4                PINSEL_ConfigPin
 .text.SSP_getNum
                0x00003948       0x40 C:\Users\Lingke\Desktop\Personal\EE2028\Lib_MCU\Debug\libLib_MCU.a(lpc17xx_ssp.o)
 .text.SSP_IntHandler
                0x00003988      0x338 C:\Users\Lingke\Desktop\Personal\EE2028\Lib_MCU\Debug\libLib_MCU.a(lpc17xx_ssp.o)
                0x00003988                SSP_IntHandler
 .text.SSP_SetClock
                0x00003cc0       0xf8 C:\Users\Lingke\Desktop\Personal\EE2028\Lib_MCU\Debug\libLib_MCU.a(lpc17xx_ssp.o)
                0x00003cc0                SSP_SetClock
 .text.SSP_Init
                0x00003db8      0x10c C:\Users\Lingke\Desktop\Personal\EE2028\Lib_MCU\Debug\libLib_MCU.a(lpc17xx_ssp.o)
                0x00003db8                SSP_Init
 .text.SSP_ConfigStructInit
                0x00003ec4       0x48 C:\Users\Lingke\Desktop\Personal\EE2028\Lib_MCU\Debug\libLib_MCU.a(lpc17xx_ssp.o)
                0x00003ec4                SSP_ConfigStructInit
 .text.SSP_Cmd  0x00003f0c       0x7c C:\Users\Lingke\Desktop\Personal\EE2028\Lib_MCU\Debug\libLib_MCU.a(lpc17xx_ssp.o)
                0x00003f0c                SSP_Cmd
 .text.SSP_SendData
                0x00003f88       0x48 C:\Users\Lingke\Desktop\Personal\EE2028\Lib_MCU\Debug\libLib_MCU.a(lpc17xx_ssp.o)
                0x00003f88                SSP_SendData
 .text.SSP_ReceiveData
                0x00003fd0       0x44 C:\Users\Lingke\Desktop\Personal\EE2028\Lib_MCU\Debug\libLib_MCU.a(lpc17xx_ssp.o)
                0x00003fd0                SSP_ReceiveData
 .text.SSP_ReadWrite
                0x00004014      0x440 C:\Users\Lingke\Desktop\Personal\EE2028\Lib_MCU\Debug\libLib_MCU.a(lpc17xx_ssp.o)
                0x00004014                SSP_ReadWrite
 .text.TIM_GetPClock
                0x00004454       0x68 C:\Users\Lingke\Desktop\Personal\EE2028\Lib_MCU\Debug\libLib_MCU.a(lpc17xx_timer.o)
                0x00004454                TIM_GetPClock
 .text.TIM_ConverUSecToVal
                0x000044bc       0x64 C:\Users\Lingke\Desktop\Personal\EE2028\Lib_MCU\Debug\libLib_MCU.a(lpc17xx_timer.o)
                0x000044bc                TIM_ConverUSecToVal
 .text.TIM_ConverPtrToTimeNum
                0x00004520       0x6c C:\Users\Lingke\Desktop\Personal\EE2028\Lib_MCU\Debug\libLib_MCU.a(lpc17xx_timer.o)
                0x00004520                TIM_ConverPtrToTimeNum
 .text.TIM_GetIntStatus
                0x0000458c       0xb4 C:\Users\Lingke\Desktop\Personal\EE2028\Lib_MCU\Debug\libLib_MCU.a(lpc17xx_timer.o)
                0x0000458c                TIM_GetIntStatus
 .text.TIM_ClearIntPending
                0x00004640       0xa0 C:\Users\Lingke\Desktop\Personal\EE2028\Lib_MCU\Debug\libLib_MCU.a(lpc17xx_timer.o)
                0x00004640                TIM_ClearIntPending
 .text.TIM_Init
                0x000046e0      0x1bc C:\Users\Lingke\Desktop\Personal\EE2028\Lib_MCU\Debug\libLib_MCU.a(lpc17xx_timer.o)
                0x000046e0                TIM_Init
 .text.TIM_Cmd  0x0000489c       0x78 C:\Users\Lingke\Desktop\Personal\EE2028\Lib_MCU\Debug\libLib_MCU.a(lpc17xx_timer.o)
                0x0000489c                TIM_Cmd
 .text.TIM_ConfigMatch
                0x00004914      0x19c C:\Users\Lingke\Desktop\Personal\EE2028\Lib_MCU\Debug\libLib_MCU.a(lpc17xx_timer.o)
                0x00004914                TIM_ConfigMatch
 .text.Timer0_us_Wait
                0x00004ab0       0x8c C:\Users\Lingke\Desktop\Personal\EE2028\Lib_MCU\Debug\libLib_MCU.a(lpc17xx_timer.o)
                0x00004ab0                Timer0_us_Wait
 .text.uart_set_divisors
                0x00004b3c      0x26c C:\Users\Lingke\Desktop\Personal\EE2028\Lib_MCU\Debug\libLib_MCU.a(lpc17xx_uart.o)
                0x00004b3c                uart_set_divisors
 .text.UART_Init
                0x00004da8      0x368 C:\Users\Lingke\Desktop\Personal\EE2028\Lib_MCU\Debug\libLib_MCU.a(lpc17xx_uart.o)
                0x00004da8                UART_Init
 .text.UART_SendData
                0x00005110       0x78 C:\Users\Lingke\Desktop\Personal\EE2028\Lib_MCU\Debug\libLib_MCU.a(lpc17xx_uart.o)
                0x00005110                UART_SendData
 .text.UART_ReceiveData
                0x00005188       0x78 C:\Users\Lingke\Desktop\Personal\EE2028\Lib_MCU\Debug\libLib_MCU.a(lpc17xx_uart.o)
                0x00005188                UART_ReceiveData
 .text.UART_TxCmd
                0x00005200       0xe8 C:\Users\Lingke\Desktop\Personal\EE2028\Lib_MCU\Debug\libLib_MCU.a(lpc17xx_uart.o)
                0x00005200                UART_TxCmd
 .text.UART_Send
                0x000052e8      0x10c C:\Users\Lingke\Desktop\Personal\EE2028\Lib_MCU\Debug\libLib_MCU.a(lpc17xx_uart.o)
                0x000052e8                UART_Send
 .text.UART_SendString
                0x000053f4       0x2c C:\Users\Lingke\Desktop\Personal\EE2028\Lib_MCU\Debug\libLib_MCU.a(lpc17xx_uart.o)
                0x000053f4                UART_SendString
 .text.UART_Receive
                0x00005420       0xd8 C:\Users\Lingke\Desktop\Personal\EE2028\Lib_MCU\Debug\libLib_MCU.a(lpc17xx_uart.o)
                0x00005420                UART_Receive
 .text.CLKPWR_SetPCLKDiv
                0x000054f8       0xcc C:\Users\Lingke\Desktop\Personal\EE2028\Lib_MCU\Debug\libLib_MCU.a(lpc17xx_clkpwr.o)
                0x000054f8                CLKPWR_SetPCLKDiv
 .text.CLKPWR_GetPCLKSEL
                0x000055c4       0x54 C:\Users\Lingke\Desktop\Personal\EE2028\Lib_MCU\Debug\libLib_MCU.a(lpc17xx_clkpwr.o)
                0x000055c4                CLKPWR_GetPCLKSEL
 .text.CLKPWR_GetPCLK
                0x00005618       0x74 C:\Users\Lingke\Desktop\Personal\EE2028\Lib_MCU\Debug\libLib_MCU.a(lpc17xx_clkpwr.o)
                0x00005618                CLKPWR_GetPCLK
 .text.CLKPWR_ConfigPPWR
                0x0000568c       0x78 C:\Users\Lingke\Desktop\Personal\EE2028\Lib_MCU\Debug\libLib_MCU.a(lpc17xx_clkpwr.o)
                0x0000568c                CLKPWR_ConfigPPWR
 .text          0x00005704      0x370 c:/nxp/lpcxpresso_6.1.4_194/lpcxpresso/tools/bin/../lib/gcc/arm-none-eabi/4.6.2/armv7-m\libgcc.a(_arm_addsubdf3.o)
                0x00005704                __aeabi_drsub
                0x0000570c                __aeabi_dsub
                0x0000570c                __subdf3
                0x00005710                __aeabi_dadd
                0x00005710                __adddf3
                0x00005988                __floatunsidf
                0x00005988                __aeabi_ui2d
                0x000059a8                __floatsidf
                0x000059a8                __aeabi_i2d
                0x000059cc                __aeabi_f2d
                0x000059cc                __extendsfdf2
                0x00005a08                __floatundidf
                0x00005a08                __aeabi_ul2d
                0x00005a18                __floatdidf
                0x00005a18                __aeabi_l2d
 .text          0x00005a74      0x424 c:/nxp/lpcxpresso_6.1.4_194/lpcxpresso/tools/bin/../lib/gcc/arm-none-eabi/4.6.2/armv7-m\libgcc.a(_arm_muldivdf3.o)
                0x00005a74                __aeabi_dmul
                0x00005a74                __muldf3
                0x00005cc8                __divdf3
                0x00005cc8                __aeabi_ddiv
 .text          0x00005e98       0xa0 c:/nxp/lpcxpresso_6.1.4_194/lpcxpresso/tools/bin/../lib/gcc/arm-none-eabi/4.6.2/armv7-m\libgcc.a(_arm_truncdfsf2.o)
                0x00005e98                __truncdfsf2
                0x00005e98                __aeabi_d2f
 .text          0x00005f38       0xec c:/nxp/lpcxpresso_6.1.4_194/lpcxpresso/tools/bin/../lib/gcc/arm-none-eabi/4.6.2/armv7-m\libgcc.a(_arm_cmpsf2.o)
                0x00005f38                __gesf2
                0x00005f38                __gtsf2
                0x00005f40                __lesf2
                0x00005f40                __ltsf2
                0x00005f48                __nesf2
                0x00005f48                __eqsf2
                0x00005f48                __cmpsf2
                0x00005fa8                __aeabi_cfrcmple
                0x00005fb0                __aeabi_cfcmpeq
                0x00005fb0                __aeabi_cfcmple
                0x00005fc0                __aeabi_fcmpeq
                0x00005fd4                __aeabi_fcmplt
                0x00005fe8                __aeabi_fcmple
                0x00005ffc                __aeabi_fcmpge
                0x00006010                __aeabi_fcmpgt
 .text          0x00006024       0x2c c:/nxp/lpcxpresso_6.1.4_194/lpcxpresso/tools/bin/../lib/gcc/arm-none-eabi/4.6.2/armv7-m\libgcc.a(_aeabi_uldivmod.o)
                0x00006024                __aeabi_uldivmod
 .text          0x00006050       0x5c c:/nxp/lpcxpresso_6.1.4_194/lpcxpresso/tools/bin/../lib/gcc/arm-none-eabi/4.6.2/armv7-m\libgcc.a(bpabi.o)
                0x00006050                __gnu_ldivmod_helper
                0x00006080                __gnu_uldivmod_helper
 .text          0x000060ac        0x4 c:/nxp/lpcxpresso_6.1.4_194/lpcxpresso/tools/bin/../lib/gcc/arm-none-eabi/4.6.2/armv7-m\libgcc.a(_dvmd_tls.o)
                0x000060ac                __aeabi_idiv0
                0x000060ac                __aeabi_ldiv0
 .text          0x000060b0      0x2c8 c:/nxp/lpcxpresso_6.1.4_194/lpcxpresso/tools/bin/../lib/gcc/arm-none-eabi/4.6.2/armv7-m\libgcc.a(_divdi3.o)
                0x000060b0                __divdi3
 .text          0x00006378      0x298 c:/nxp/lpcxpresso_6.1.4_194/lpcxpresso/tools/bin/../lib/gcc/arm-none-eabi/4.6.2/armv7-m\libgcc.a(_udivdi3.o)
                0x00006378                __udivdi3
 .text.memset   0x00006610       0x90 c:/nxp/lpcxpresso_6.1.4_194/lpcxpresso/tools/bin/../lib/gcc/arm-none-eabi/4.6.2/../../../../arm-none-eabi/lib/armv7-m\libc.a(lib_a-memset.o)
                0x00006610                memset
 .text.sprintf  0x000066a0       0x50 c:/nxp/lpcxpresso_6.1.4_194/lpcxpresso/tools/bin/../lib/gcc/arm-none-eabi/4.6.2/../../../../arm-none-eabi/lib/armv7-m\libc.a(lib_a-sprintf.o)
                0x000066a0                sprintf
 .text.strlen   0x000066f0       0x60 c:/nxp/lpcxpresso_6.1.4_194/lpcxpresso/tools/bin/../lib/gcc/arm-none-eabi/4.6.2/../../../../arm-none-eabi/lib/armv7-m\libc.a(lib_a-strlen.o)
                0x000066f0                strlen
 .text._svfprintf_r
                0x00006750     0x1408 c:/nxp/lpcxpresso_6.1.4_194/lpcxpresso/tools/bin/../lib/gcc/arm-none-eabi/4.6.2/../../../../arm-none-eabi/lib/armv7-m\libc.a(lib_a-svfprintf.o)
                0x00006750                _svfprintf_r
 .text.quorem   0x00007b58      0x150 c:/nxp/lpcxpresso_6.1.4_194/lpcxpresso/tools/bin/../lib/gcc/arm-none-eabi/4.6.2/../../../../arm-none-eabi/lib/armv7-m\libc.a(lib_a-dtoa.o)
 .text._dtoa_r  0x00007ca8      0xe60 c:/nxp/lpcxpresso_6.1.4_194/lpcxpresso/tools/bin/../lib/gcc/arm-none-eabi/4.6.2/../../../../arm-none-eabi/lib/armv7-m\libc.a(lib_a-dtoa.o)
                0x00007ca8                _dtoa_r
 .text._localeconv_r
                0x00008b08        0xc c:/nxp/lpcxpresso_6.1.4_194/lpcxpresso/tools/bin/../lib/gcc/arm-none-eabi/4.6.2/../../../../arm-none-eabi/lib/armv7-m\libc.a(lib_a-locale.o)
                0x00008b08                _localeconv_r
 .text._malloc_r
                0x00008b14      0x528 c:/nxp/lpcxpresso_6.1.4_194/lpcxpresso/tools/bin/../lib/gcc/arm-none-eabi/4.6.2/../../../../arm-none-eabi/lib/armv7-m\libc.a(lib_a-mallocr.o)
                0x00008b14                _malloc_r
 .text.memchr   0x0000903c       0x84 c:/nxp/lpcxpresso_6.1.4_194/lpcxpresso/tools/bin/../lib/gcc/arm-none-eabi/4.6.2/../../../../arm-none-eabi/lib/armv7-m\libc.a(lib_a-memchr.o)
                0x0000903c                memchr
 .text.memcpy   0x000090c0       0x84 c:/nxp/lpcxpresso_6.1.4_194/lpcxpresso/tools/bin/../lib/gcc/arm-none-eabi/4.6.2/../../../../arm-none-eabi/lib/armv7-m\libc.a(lib_a-memcpy.o)
                0x000090c0                memcpy
 .text.__malloc_lock
                0x00009144        0x4 c:/nxp/lpcxpresso_6.1.4_194/lpcxpresso/tools/bin/../lib/gcc/arm-none-eabi/4.6.2/../../../../arm-none-eabi/lib/armv7-m\libc.a(lib_a-mlock.o)
                0x00009144                __malloc_lock
 .text.__malloc_unlock
                0x00009148        0x4 c:/nxp/lpcxpresso_6.1.4_194/lpcxpresso/tools/bin/../lib/gcc/arm-none-eabi/4.6.2/../../../../arm-none-eabi/lib/armv7-m\libc.a(lib_a-mlock.o)
                0x00009148                __malloc_unlock
 .text._Balloc  0x0000914c       0x4c c:/nxp/lpcxpresso_6.1.4_194/lpcxpresso/tools/bin/../lib/gcc/arm-none-eabi/4.6.2/../../../../arm-none-eabi/lib/armv7-m\libc.a(lib_a-mprec.o)
                0x0000914c                _Balloc
 .text._Bfree   0x00009198       0x14 c:/nxp/lpcxpresso_6.1.4_194/lpcxpresso/tools/bin/../lib/gcc/arm-none-eabi/4.6.2/../../../../arm-none-eabi/lib/armv7-m\libc.a(lib_a-mprec.o)
                0x00009198                _Bfree
 .text.__multadd
                0x000091ac       0x84 c:/nxp/lpcxpresso_6.1.4_194/lpcxpresso/tools/bin/../lib/gcc/arm-none-eabi/4.6.2/../../../../arm-none-eabi/lib/armv7-m\libc.a(lib_a-mprec.o)
                0x000091ac                __multadd
 .text.__hi0bits
                0x00009230       0x3c c:/nxp/lpcxpresso_6.1.4_194/lpcxpresso/tools/bin/../lib/gcc/arm-none-eabi/4.6.2/../../../../arm-none-eabi/lib/armv7-m\libc.a(lib_a-mprec.o)
                0x00009230                __hi0bits
 .text.__lo0bits
                0x0000926c       0x5c c:/nxp/lpcxpresso_6.1.4_194/lpcxpresso/tools/bin/../lib/gcc/arm-none-eabi/4.6.2/../../../../arm-none-eabi/lib/armv7-m\libc.a(lib_a-mprec.o)
                0x0000926c                __lo0bits
 .text.__i2b    0x000092c8       0x14 c:/nxp/lpcxpresso_6.1.4_194/lpcxpresso/tools/bin/../lib/gcc/arm-none-eabi/4.6.2/../../../../arm-none-eabi/lib/armv7-m\libc.a(lib_a-mprec.o)
                0x000092c8                __i2b
 .text.__multiply
                0x000092dc      0x144 c:/nxp/lpcxpresso_6.1.4_194/lpcxpresso/tools/bin/../lib/gcc/arm-none-eabi/4.6.2/../../../../arm-none-eabi/lib/armv7-m\libc.a(lib_a-mprec.o)
                0x000092dc                __multiply
 .text.__pow5mult
                0x00009420       0x98 c:/nxp/lpcxpresso_6.1.4_194/lpcxpresso/tools/bin/../lib/gcc/arm-none-eabi/4.6.2/../../../../arm-none-eabi/lib/armv7-m\libc.a(lib_a-mprec.o)
                0x00009420                __pow5mult
 .text.__lshift
                0x000094b8       0xc0 c:/nxp/lpcxpresso_6.1.4_194/lpcxpresso/tools/bin/../lib/gcc/arm-none-eabi/4.6.2/../../../../arm-none-eabi/lib/armv7-m\libc.a(lib_a-mprec.o)
                0x000094b8                __lshift
 .text.__mcmp   0x00009578       0x3c c:/nxp/lpcxpresso_6.1.4_194/lpcxpresso/tools/bin/../lib/gcc/arm-none-eabi/4.6.2/../../../../arm-none-eabi/lib/armv7-m\libc.a(lib_a-mprec.o)
                0x00009578                __mcmp
 .text.__mdiff  0x000095b4       0xd8 c:/nxp/lpcxpresso_6.1.4_194/lpcxpresso/tools/bin/../lib/gcc/arm-none-eabi/4.6.2/../../../../arm-none-eabi/lib/armv7-m\libc.a(lib_a-mprec.o)
                0x000095b4                __mdiff
 .text.__d2b    0x0000968c       0xcc c:/nxp/lpcxpresso_6.1.4_194/lpcxpresso/tools/bin/../lib/gcc/arm-none-eabi/4.6.2/../../../../arm-none-eabi/lib/armv7-m\libc.a(lib_a-mprec.o)
                0x0000968c                __d2b
 .text.__fpclassifyd
                0x00009758       0x68 c:/nxp/lpcxpresso_6.1.4_194/lpcxpresso/tools/bin/../lib/gcc/arm-none-eabi/4.6.2/../../../../arm-none-eabi/lib/armv7-m\libc.a(lib_a-s_fpclassify.o)
                0x00009758                __fpclassifyd
 .text._sbrk_r  0x000097c0       0x24 c:/nxp/lpcxpresso_6.1.4_194/lpcxpresso/tools/bin/../lib/gcc/arm-none-eabi/4.6.2/../../../../arm-none-eabi/lib/armv7-m\libc.a(lib_a-sbrkr.o)
                0x000097c0                _sbrk_r
 .text.__ssprint_r
                0x000097e4       0xf8 c:/nxp/lpcxpresso_6.1.4_194/lpcxpresso/tools/bin/../lib/gcc/arm-none-eabi/4.6.2/../../../../arm-none-eabi/lib/armv7-m\libc.a(lib_a-svfiprintf.o)
                0x000097e4                __ssprint_r
 .text._calloc_r
                0x000098dc       0x60 c:/nxp/lpcxpresso_6.1.4_194/lpcxpresso/tools/bin/../lib/gcc/arm-none-eabi/4.6.2/../../../../arm-none-eabi/lib/armv7-m\libc.a(lib_a-callocr.o)
                0x000098dc                _calloc_r
 .text._malloc_trim_r
                0x0000993c       0xa0 c:/nxp/lpcxpresso_6.1.4_194/lpcxpresso/tools/bin/../lib/gcc/arm-none-eabi/4.6.2/../../../../arm-none-eabi/lib/armv7-m\libc.a(lib_a-freer.o)
                0x0000993c                _malloc_trim_r
 .text._free_r  0x000099dc      0x190 c:/nxp/lpcxpresso_6.1.4_194/lpcxpresso/tools/bin/../lib/gcc/arm-none-eabi/4.6.2/../../../../arm-none-eabi/lib/armv7-m\libc.a(lib_a-freer.o)
                0x000099dc                _free_r
 .text.memmove  0x00009b6c       0xb0 c:/nxp/lpcxpresso_6.1.4_194/lpcxpresso/tools/bin/../lib/gcc/arm-none-eabi/4.6.2/../../../../arm-none-eabi/lib/armv7-m\libc.a(lib_a-memmove.o)
                0x00009b6c                memmove
 .text._realloc_r
                0x00009c1c      0x3f4 c:/nxp/lpcxpresso_6.1.4_194/lpcxpresso/tools/bin/../lib/gcc/arm-none-eabi/4.6.2/../../../../arm-none-eabi/lib/armv7-m\libc.a(lib_a-reallocr.o)
                0x00009c1c                _realloc_r
 .text._sbrk    0x0000a010       0x3c c:/nxp/lpcxpresso_6.1.4_194/lpcxpresso/tools/bin/../lib/gcc/arm-none-eabi/4.6.2/../../../../arm-none-eabi/lib/armv7-m\libcr_newlib_semihost.a(_cr_sbrk.o)
                0x0000a010                _sbrk
 .text.__check_heap_overflow
                0x0000a04c       0x2c c:/nxp/lpcxpresso_6.1.4_194/lpcxpresso/tools/bin/../lib/gcc/arm-none-eabi/4.6.2/../../../../arm-none-eabi/lib/armv7-m\libcr_newlib_semihost.a(_cr_check_heap.o)
                0x0000a04c                __check_heap_overflow
 .text          0x0000a078      0x110 c:/nxp/lpcxpresso_6.1.4_194/lpcxpresso/tools/bin/../lib/gcc/arm-none-eabi/4.6.2/armv7-m\libgcc.a(_arm_cmpdf2.o)
                0x0000a078                __gtdf2
                0x0000a078                __gedf2
                0x0000a080                __ltdf2
                0x0000a080                __ledf2
                0x0000a088                __nedf2
                0x0000a088                __eqdf2
                0x0000a088                __cmpdf2
                0x0000a104                __aeabi_cdrcmple
                0x0000a114                __aeabi_cdcmpeq
                0x0000a114                __aeabi_cdcmple
                0x0000a124                __aeabi_dcmpeq
                0x0000a138                __aeabi_dcmplt
                0x0000a14c                __aeabi_dcmple
                0x0000a160                __aeabi_dcmpge
                0x0000a174                __aeabi_dcmpgt
 .text          0x0000a188       0x50 c:/nxp/lpcxpresso_6.1.4_194/lpcxpresso/tools/bin/../lib/gcc/arm-none-eabi/4.6.2/armv7-m\libgcc.a(_arm_fixdfsi.o)
                0x0000a188                __aeabi_d2iz
                0x0000a188                __fixdfsi
 .text.__errno  0x0000a1d8        0xc c:/nxp/lpcxpresso_6.1.4_194/lpcxpresso/tools/bin/../lib/gcc/arm-none-eabi/4.6.2/../../../../arm-none-eabi/lib/armv7-m\libc.a(lib_a-errno.o)
                0x0000a1d8                __errno
 *(.rodata .rodata.* .constdata .constdata.*)
 .rodata        0x0000a1e4      0x138 ./src/main.o
 .rodata        0x0000a31c        0x8 C:\Users\Lingke\Desktop\Personal\EE2028\Lib_EaBaseBoard\Debug\libLib_EaBaseBoard.a(oled.o)
 .rodata        0x0000a324      0x300 C:\Users\Lingke\Desktop\Personal\EE2028\Lib_EaBaseBoard\Debug\libLib_EaBaseBoard.a(font5x7.o)
                0x0000a324                font5x7
 .rodata        0x0000a624       0x18 C:\Users\Lingke\Desktop\Personal\EE2028\Lib_MCU\Debug\libLib_MCU.a(lpc17xx_i2c.o)
 .rodata        0x0000a63c       0x18 C:\Users\Lingke\Desktop\Personal\EE2028\Lib_MCU\Debug\libLib_MCU.a(lpc17xx_ssp.o)
 .rodata        0x0000a654       0x18 C:\Users\Lingke\Desktop\Personal\EE2028\Lib_MCU\Debug\libLib_MCU.a(lpc17xx_timer.o)
 .rodata        0x0000a66c       0x18 C:\Users\Lingke\Desktop\Personal\EE2028\Lib_MCU\Debug\libLib_MCU.a(lpc17xx_uart.o)
 .rodata.zeroes.6590
                0x0000a684       0x10 c:/nxp/lpcxpresso_6.1.4_194/lpcxpresso/tools/bin/../lib/gcc/arm-none-eabi/4.6.2/../../../../arm-none-eabi/lib/armv7-m\libc.a(lib_a-svfprintf.o)
 .rodata.str1.4
                0x0000a694       0x42 c:/nxp/lpcxpresso_6.1.4_194/lpcxpresso/tools/bin/../lib/gcc/arm-none-eabi/4.6.2/../../../../arm-none-eabi/lib/armv7-m\libc.a(lib_a-svfprintf.o)
                                 0x44 (size before relaxing)
 *fill*         0x0000a6d6        0x2 00
 .rodata.blanks.6589
                0x0000a6d8       0x10 c:/nxp/lpcxpresso_6.1.4_194/lpcxpresso/tools/bin/../lib/gcc/arm-none-eabi/4.6.2/../../../../arm-none-eabi/lib/armv7-m\libc.a(lib_a-svfprintf.o)
 .rodata.str1.4
                0x0000a6e8       0x10 c:/nxp/lpcxpresso_6.1.4_194/lpcxpresso/tools/bin/../lib/gcc/arm-none-eabi/4.6.2/../../../../arm-none-eabi/lib/armv7-m\libc.a(lib_a-dtoa.o)
                                 0x14 (size before relaxing)
 .rodata.str1.4
                0x0000a6f8        0x2 c:/nxp/lpcxpresso_6.1.4_194/lpcxpresso/tools/bin/../lib/gcc/arm-none-eabi/4.6.2/../../../../arm-none-eabi/lib/armv7-m\libc.a(lib_a-impure.o)
                                  0x4 (size before relaxing)
 *fill*         0x0000a6fa        0x2 00
 .rodata.str1.4
                0x0000a6fc        0xc c:/nxp/lpcxpresso_6.1.4_194/lpcxpresso/tools/bin/../lib/gcc/arm-none-eabi/4.6.2/../../../../arm-none-eabi/lib/armv7-m\libc.a(lib_a-locale.o)
                                 0x14 (size before relaxing)
 .rodata.__mprec_tens
                0x0000a708       0xc8 c:/nxp/lpcxpresso_6.1.4_194/lpcxpresso/tools/bin/../lib/gcc/arm-none-eabi/4.6.2/../../../../arm-none-eabi/lib/armv7-m\libc.a(lib_a-mprec.o)
                0x0000a708                __mprec_tens
 .rodata.__mprec_bigtens
                0x0000a7d0       0x28 c:/nxp/lpcxpresso_6.1.4_194/lpcxpresso/tools/bin/../lib/gcc/arm-none-eabi/4.6.2/../../../../arm-none-eabi/lib/armv7-m\libc.a(lib_a-mprec.o)
                0x0000a7d0                __mprec_bigtens
 .rodata.p05.5111
                0x0000a7f8        0xc c:/nxp/lpcxpresso_6.1.4_194/lpcxpresso/tools/bin/../lib/gcc/arm-none-eabi/4.6.2/../../../../arm-none-eabi/lib/armv7-m\libc.a(lib_a-mprec.o)
                0x0000a804                . = ALIGN (0x4)

.glue_7         0x0000a804        0x0
 .glue_7        0x00000000        0x0 linker stubs

.glue_7t        0x0000a804        0x0
 .glue_7t       0x00000000        0x0 linker stubs

.vfp11_veneer   0x0000a804        0x0
 .vfp11_veneer  0x00000000        0x0 linker stubs

.v4_bx          0x0000a804        0x0
 .v4_bx         0x00000000        0x0 linker stubs

.ARM.extab
 *(.ARM.extab* .gnu.linkonce.armextab.*)
                0x0000a804                __exidx_start = .

.ARM.exidx      0x0000a804        0x8
 *(.ARM.exidx* .gnu.linkonce.armexidx.*)
 .ARM.exidx     0x0000a804        0x8 c:/nxp/lpcxpresso_6.1.4_194/lpcxpresso/tools/bin/../lib/gcc/arm-none-eabi/4.6.2/armv7-m\libgcc.a(_divdi3.o)
 .ARM.exidx     0x0000a80c        0x0 c:/nxp/lpcxpresso_6.1.4_194/lpcxpresso/tools/bin/../lib/gcc/arm-none-eabi/4.6.2/armv7-m\libgcc.a(_udivdi3.o)
                                  0x8 (size before relaxing)
                0x0000a80c                __exidx_end = .
                0x0000a80c                _etext = .

.data_RAM2      0x2007c000        0x0 load address 0x0000a80c
 FILL mask 0xff
 *(.data.$RAM2*)
 *(.data.$RamAHB32*)
                0x2007c000                . = ALIGN (0x4)

.uninit_RESERVED
                0x10000000        0x0
 *(.bss.$RESERVED*)
                0x10000000                . = ALIGN (0x4)
                0x10000000                _end_uninit_RESERVED = .

.data           0x10000000      0x8d4 load address 0x0000a80c
 FILL mask 0xff
                0x10000000                _data = .
 *(vtable)
 *(.data*)
 .data          0x10000000        0x4 C:\Users\Lingke\Desktop\Personal\EE2028\Lib_CMSISv1p30_LPC17xx\Debug\libCMSISv1p30_LPC17xx.a(system_LPC17xx.o)
                0x10000000                SystemCoreClock
 .data          0x10000004       0x50 C:\Users\Lingke\Desktop\Personal\EE2028\Lib_EaBaseBoard\Debug\libLib_EaBaseBoard.a(led7seg.o)
 .data          0x10000054        0x8 C:\Users\Lingke\Desktop\Personal\EE2028\Lib_EaBaseBoard\Debug\libLib_EaBaseBoard.a(light.o)
 *fill*         0x1000005c        0x4 00
 .data.impure_data
                0x10000060      0x428 c:/nxp/lpcxpresso_6.1.4_194/lpcxpresso/tools/bin/../lib/gcc/arm-none-eabi/4.6.2/../../../../arm-none-eabi/lib/armv7-m\libc.a(lib_a-impure.o)
 .data._impure_ptr
                0x10000488        0x4 c:/nxp/lpcxpresso_6.1.4_194/lpcxpresso/tools/bin/../lib/gcc/arm-none-eabi/4.6.2/../../../../arm-none-eabi/lib/armv7-m\libc.a(lib_a-impure.o)
                0x10000488                _impure_ptr
 .data.lconv    0x1000048c       0x38 c:/nxp/lpcxpresso_6.1.4_194/lpcxpresso/tools/bin/../lib/gcc/arm-none-eabi/4.6.2/../../../../arm-none-eabi/lib/armv7-m\libc.a(lib_a-locale.o)
 .data.__malloc_av_
                0x100004c4      0x408 c:/nxp/lpcxpresso_6.1.4_194/lpcxpresso/tools/bin/../lib/gcc/arm-none-eabi/4.6.2/../../../../arm-none-eabi/lib/armv7-m\libc.a(lib_a-mallocr.o)
                0x100004c4                __malloc_av_
 .data.__malloc_trim_threshold
                0x100008cc        0x4 c:/nxp/lpcxpresso_6.1.4_194/lpcxpresso/tools/bin/../lib/gcc/arm-none-eabi/4.6.2/../../../../arm-none-eabi/lib/armv7-m\libc.a(lib_a-mallocr.o)
                0x100008cc                __malloc_trim_threshold
 .data.__malloc_sbrk_base
                0x100008d0        0x4 c:/nxp/lpcxpresso_6.1.4_194/lpcxpresso/tools/bin/../lib/gcc/arm-none-eabi/4.6.2/../../../../arm-none-eabi/lib/armv7-m\libc.a(lib_a-mallocr.o)
                0x100008d0                __malloc_sbrk_base
                0x100008d4                . = ALIGN (0x4)
                0x100008d4                _edata = .

.bss_RAM2       0x2007c000        0x0
 *(.bss.$RAM2*)
 *(.bss.$RamAHB32*)
                0x2007c000                . = ALIGN (0x4)

.bss            0x100008d4      0x45c
                0x100008d4                _bss = .
 *(.bss*)
 .bss           0x100008d4       0x34 ./src/main.o
                0x100008d4                accel_x
                0x100008d8                accel_y
                0x100008dc                accel_z
                0x100008e0                accel_xoff
                0x100008e4                accel_yoff
                0x100008e8                accel_zoff
                0x100008ec                C_index
                0x100008f0                No_irq
                0x100008f1                loopcount
                0x100008f4                move_in_dark_flag
                0x100008f8                msg_num
                0x100008fc                temperature_high_flag
                0x10000900                msTicks
 .bss           0x10000908      0x300 C:\Users\Lingke\Desktop\Personal\EE2028\Lib_EaBaseBoard\Debug\libLib_EaBaseBoard.a(oled.o)
 .bss           0x10000c08        0x4 C:\Users\Lingke\Desktop\Personal\EE2028\Lib_EaBaseBoard\Debug\libLib_EaBaseBoard.a(temp.o)
 .bss           0x10000c0c       0x24 C:\Users\Lingke\Desktop\Personal\EE2028\Lib_MCU\Debug\libLib_MCU.a(lpc17xx_i2c.o)
 .bss           0x10000c30       0x18 C:\Users\Lingke\Desktop\Personal\EE2028\Lib_MCU\Debug\libLib_MCU.a(lpc17xx_ssp.o)
 .bss.__malloc_max_total_mem
                0x10000c48        0x4 c:/nxp/lpcxpresso_6.1.4_194/lpcxpresso/tools/bin/../lib/gcc/arm-none-eabi/4.6.2/../../../../arm-none-eabi/lib/armv7-m\libc.a(lib_a-mallocr.o)
                0x10000c48                __malloc_max_total_mem
 .bss.__malloc_max_sbrked_mem
                0x10000c4c        0x4 c:/nxp/lpcxpresso_6.1.4_194/lpcxpresso/tools/bin/../lib/gcc/arm-none-eabi/4.6.2/../../../../arm-none-eabi/lib/armv7-m\libc.a(lib_a-mallocr.o)
                0x10000c4c                __malloc_max_sbrked_mem
 .bss.__malloc_top_pad
                0x10000c50        0x4 c:/nxp/lpcxpresso_6.1.4_194/lpcxpresso/tools/bin/../lib/gcc/arm-none-eabi/4.6.2/../../../../arm-none-eabi/lib/armv7-m\libc.a(lib_a-mallocr.o)
                0x10000c50                __malloc_top_pad
 .bss.__malloc_current_mallinfo
                0x10000c54       0x28 c:/nxp/lpcxpresso_6.1.4_194/lpcxpresso/tools/bin/../lib/gcc/arm-none-eabi/4.6.2/../../../../arm-none-eabi/lib/armv7-m\libc.a(lib_a-mallocr.o)
                0x10000c54                __malloc_current_mallinfo
 *(COMMON)
 COMMON         0x10000c7c       0xac ./src/main.o
                0x10000c7c                temp_value
                0x10000c80                last_switch_pressed_time
                0x10000c84                TaskList
                0x10000d24                light_value
 COMMON         0x10000d28        0x4 c:/nxp/lpcxpresso_6.1.4_194/lpcxpresso/tools/bin/../lib/gcc/arm-none-eabi/4.6.2/../../../../arm-none-eabi/lib/armv7-m\libc.a(lib_a-reent.o)
                0x10000d28                errno
 COMMON         0x10000d2c        0x4 c:/nxp/lpcxpresso_6.1.4_194/lpcxpresso/tools/bin/../lib/gcc/arm-none-eabi/4.6.2/../../../../arm-none-eabi/lib/armv7-m\libcr_newlib_semihost.a(_cr_sbrk.o)
                0x10000d2c                __end_of_heap
                0x10000d30                . = ALIGN (0x4)
                0x10000d30                _ebss = .
                0x10000d30                PROVIDE (end, .)

.noinit_RAM2    0x2007c000        0x0
 *(.noinit.$RAM2*)
 *(.noinit.$RamAHB32*)
                0x2007c000                . = ALIGN (0x4)

.noinit         0x10000d30        0x0
                0x10000d30                _noinit = .
 *(.noinit*)
                0x10000d30                . = ALIGN (0x4)
                0x10000d30                _end_noinit = .
                0x10000d30                PROVIDE (_pvHeapStart, .)
                0x10008000                PROVIDE (_vStackTop, (__top_RamLoc32 - 0x0))
OUTPUT(demo.axf elf32-littlearm)

.debug_info     0x00000000     0x8757
 .debug_info    0x00000000      0x209 ./src/cr_startup_lpc17.o
 .debug_info    0x00000209     0x1452 ./src/main.o
 .debug_info    0x0000165b      0x357 C:\Users\Lingke\Desktop\Personal\EE2028\Lib_CMSISv1p30_LPC17xx\Debug\libCMSISv1p30_LPC17xx.a(system_LPC17xx.o)
 .debug_info    0x000019b2      0x53d C:\Users\Lingke\Desktop\Personal\EE2028\Lib_EaBaseBoard\Debug\libLib_EaBaseBoard.a(acc.o)
 .debug_info    0x00001eef      0x10f C:\Users\Lingke\Desktop\Personal\EE2028\Lib_EaBaseBoard\Debug\libLib_EaBaseBoard.a(joystick.o)
 .debug_info    0x00001ffe      0x282 C:\Users\Lingke\Desktop\Personal\EE2028\Lib_EaBaseBoard\Debug\libLib_EaBaseBoard.a(led7seg.o)
 .debug_info    0x00002280      0x763 C:\Users\Lingke\Desktop\Personal\EE2028\Lib_EaBaseBoard\Debug\libLib_EaBaseBoard.a(light.o)
 .debug_info    0x000029e3      0x97d C:\Users\Lingke\Desktop\Personal\EE2028\Lib_EaBaseBoard\Debug\libLib_EaBaseBoard.a(oled.o)
 .debug_info    0x00003360      0x642 C:\Users\Lingke\Desktop\Personal\EE2028\Lib_EaBaseBoard\Debug\libLib_EaBaseBoard.a(pca9532.o)
 .debug_info    0x000039a2      0x154 C:\Users\Lingke\Desktop\Personal\EE2028\Lib_EaBaseBoard\Debug\libLib_EaBaseBoard.a(temp.o)
 .debug_info    0x00003af6       0x65 C:\Users\Lingke\Desktop\Personal\EE2028\Lib_EaBaseBoard\Debug\libLib_EaBaseBoard.a(font5x7.o)
 .debug_info    0x00003b5b      0xb95 C:\Users\Lingke\Desktop\Personal\EE2028\Lib_MCU\Debug\libLib_MCU.a(lpc17xx_gpio.o)
 .debug_info    0x000046f0      0xcc3 C:\Users\Lingke\Desktop\Personal\EE2028\Lib_MCU\Debug\libLib_MCU.a(lpc17xx_i2c.o)
 .debug_info    0x000053b3       0xcd C:\Users\Lingke\Desktop\Personal\EE2028\Lib_MCU\Debug\libLib_MCU.a(lpc17xx_libcfg_default.o)
 .debug_info    0x00005480      0x4b1 C:\Users\Lingke\Desktop\Personal\EE2028\Lib_MCU\Debug\libLib_MCU.a(lpc17xx_pinsel.o)
 .debug_info    0x00005931      0x867 C:\Users\Lingke\Desktop\Personal\EE2028\Lib_MCU\Debug\libLib_MCU.a(lpc17xx_ssp.o)
 .debug_info    0x00006198      0x8e4 C:\Users\Lingke\Desktop\Personal\EE2028\Lib_MCU\Debug\libLib_MCU.a(lpc17xx_timer.o)
 .debug_info    0x00006a7c     0x14df C:\Users\Lingke\Desktop\Personal\EE2028\Lib_MCU\Debug\libLib_MCU.a(lpc17xx_uart.o)
 .debug_info    0x00007f5b      0x641 C:\Users\Lingke\Desktop\Personal\EE2028\Lib_MCU\Debug\libLib_MCU.a(lpc17xx_clkpwr.o)
 .debug_info    0x0000859c      0x106 c:/nxp/lpcxpresso_6.1.4_194/lpcxpresso/tools/bin/../lib/gcc/arm-none-eabi/4.6.2/../../../../arm-none-eabi/lib/armv7-m\libcr_newlib_semihost.a(_cr_sbrk.o)
 .debug_info    0x000086a2       0xb5 c:/nxp/lpcxpresso_6.1.4_194/lpcxpresso/tools/bin/../lib/gcc/arm-none-eabi/4.6.2/../../../../arm-none-eabi/lib/armv7-m\libcr_newlib_semihost.a(_cr_check_heap.o)

.debug_abbrev   0x00000000     0x1b86
 .debug_abbrev  0x00000000       0xb4 ./src/cr_startup_lpc17.o
 .debug_abbrev  0x000000b4      0x2c2 ./src/main.o
 .debug_abbrev  0x00000376       0xce C:\Users\Lingke\Desktop\Personal\EE2028\Lib_CMSISv1p30_LPC17xx\Debug\libCMSISv1p30_LPC17xx.a(system_LPC17xx.o)
 .debug_abbrev  0x00000444      0x15c C:\Users\Lingke\Desktop\Personal\EE2028\Lib_EaBaseBoard\Debug\libLib_EaBaseBoard.a(acc.o)
 .debug_abbrev  0x000005a0       0x90 C:\Users\Lingke\Desktop\Personal\EE2028\Lib_EaBaseBoard\Debug\libLib_EaBaseBoard.a(joystick.o)
 .debug_abbrev  0x00000630      0x155 C:\Users\Lingke\Desktop\Personal\EE2028\Lib_EaBaseBoard\Debug\libLib_EaBaseBoard.a(led7seg.o)
 .debug_abbrev  0x00000785      0x1bd C:\Users\Lingke\Desktop\Personal\EE2028\Lib_EaBaseBoard\Debug\libLib_EaBaseBoard.a(light.o)
 .debug_abbrev  0x00000942      0x1f1 C:\Users\Lingke\Desktop\Personal\EE2028\Lib_EaBaseBoard\Debug\libLib_EaBaseBoard.a(oled.o)
 .debug_abbrev  0x00000b33      0x1aa C:\Users\Lingke\Desktop\Personal\EE2028\Lib_EaBaseBoard\Debug\libLib_EaBaseBoard.a(pca9532.o)
 .debug_abbrev  0x00000cdd       0xc2 C:\Users\Lingke\Desktop\Personal\EE2028\Lib_EaBaseBoard\Debug\libLib_EaBaseBoard.a(temp.o)
 .debug_abbrev  0x00000d9f       0x4b C:\Users\Lingke\Desktop\Personal\EE2028\Lib_EaBaseBoard\Debug\libLib_EaBaseBoard.a(font5x7.o)
 .debug_abbrev  0x00000dea      0x185 C:\Users\Lingke\Desktop\Personal\EE2028\Lib_MCU\Debug\libLib_MCU.a(lpc17xx_gpio.o)
 .debug_abbrev  0x00000f6f      0x24a C:\Users\Lingke\Desktop\Personal\EE2028\Lib_MCU\Debug\libLib_MCU.a(lpc17xx_i2c.o)
 .debug_abbrev  0x000011b9       0x6a C:\Users\Lingke\Desktop\Personal\EE2028\Lib_MCU\Debug\libLib_MCU.a(lpc17xx_libcfg_default.o)
 .debug_abbrev  0x00001223      0x10a C:\Users\Lingke\Desktop\Personal\EE2028\Lib_MCU\Debug\libLib_MCU.a(lpc17xx_pinsel.o)
 .debug_abbrev  0x0000132d      0x1d3 C:\Users\Lingke\Desktop\Personal\EE2028\Lib_MCU\Debug\libLib_MCU.a(lpc17xx_ssp.o)
 .debug_abbrev  0x00001500      0x19f C:\Users\Lingke\Desktop\Personal\EE2028\Lib_MCU\Debug\libLib_MCU.a(lpc17xx_timer.o)
 .debug_abbrev  0x0000169f      0x259 C:\Users\Lingke\Desktop\Personal\EE2028\Lib_MCU\Debug\libLib_MCU.a(lpc17xx_uart.o)
 .debug_abbrev  0x000018f8      0x174 C:\Users\Lingke\Desktop\Personal\EE2028\Lib_MCU\Debug\libLib_MCU.a(lpc17xx_clkpwr.o)
 .debug_abbrev  0x00001a6c       0xa8 c:/nxp/lpcxpresso_6.1.4_194/lpcxpresso/tools/bin/../lib/gcc/arm-none-eabi/4.6.2/../../../../arm-none-eabi/lib/armv7-m\libcr_newlib_semihost.a(_cr_sbrk.o)
 .debug_abbrev  0x00001b14       0x72 c:/nxp/lpcxpresso_6.1.4_194/lpcxpresso/tools/bin/../lib/gcc/arm-none-eabi/4.6.2/../../../../arm-none-eabi/lib/armv7-m\libcr_newlib_semihost.a(_cr_check_heap.o)

.debug_loc      0x00000000     0x31d6
 .debug_loc     0x00000000      0x1f0 ./src/cr_startup_lpc17.o
 .debug_loc     0x000001f0      0x5f0 ./src/main.o
 .debug_loc     0x000007e0       0x58 C:\Users\Lingke\Desktop\Personal\EE2028\Lib_CMSISv1p30_LPC17xx\Debug\libCMSISv1p30_LPC17xx.a(system_LPC17xx.o)
 .debug_loc     0x00000838      0x1f0 C:\Users\Lingke\Desktop\Personal\EE2028\Lib_EaBaseBoard\Debug\libLib_EaBaseBoard.a(acc.o)
 .debug_loc     0x00000a28       0x64 C:\Users\Lingke\Desktop\Personal\EE2028\Lib_EaBaseBoard\Debug\libLib_EaBaseBoard.a(joystick.o)
 .debug_loc     0x00000a8c       0x64 C:\Users\Lingke\Desktop\Personal\EE2028\Lib_EaBaseBoard\Debug\libLib_EaBaseBoard.a(led7seg.o)
 .debug_loc     0x00000af0      0x378 C:\Users\Lingke\Desktop\Personal\EE2028\Lib_EaBaseBoard\Debug\libLib_EaBaseBoard.a(light.o)
 .debug_loc     0x00000e68      0x33e C:\Users\Lingke\Desktop\Personal\EE2028\Lib_EaBaseBoard\Debug\libLib_EaBaseBoard.a(oled.o)
 .debug_loc     0x000011a6      0x2d0 C:\Users\Lingke\Desktop\Personal\EE2028\Lib_EaBaseBoard\Debug\libLib_EaBaseBoard.a(pca9532.o)
 .debug_loc     0x00001476       0x70 C:\Users\Lingke\Desktop\Personal\EE2028\Lib_EaBaseBoard\Debug\libLib_EaBaseBoard.a(temp.o)
 .debug_loc     0x000014e6      0x4d0 C:\Users\Lingke\Desktop\Personal\EE2028\Lib_MCU\Debug\libLib_MCU.a(lpc17xx_gpio.o)
 .debug_loc     0x000019b6      0x4e4 C:\Users\Lingke\Desktop\Personal\EE2028\Lib_MCU\Debug\libLib_MCU.a(lpc17xx_i2c.o)
 .debug_loc     0x00001e9a       0x38 C:\Users\Lingke\Desktop\Personal\EE2028\Lib_MCU\Debug\libLib_MCU.a(lpc17xx_libcfg_default.o)
 .debug_loc     0x00001ed2      0x150 C:\Users\Lingke\Desktop\Personal\EE2028\Lib_MCU\Debug\libLib_MCU.a(lpc17xx_pinsel.o)
 .debug_loc     0x00002022      0x448 C:\Users\Lingke\Desktop\Personal\EE2028\Lib_MCU\Debug\libLib_MCU.a(lpc17xx_ssp.o)
 .debug_loc     0x0000246a      0x3b8 C:\Users\Lingke\Desktop\Personal\EE2028\Lib_MCU\Debug\libLib_MCU.a(lpc17xx_timer.o)
 .debug_loc     0x00002822      0x77a C:\Users\Lingke\Desktop\Personal\EE2028\Lib_MCU\Debug\libLib_MCU.a(lpc17xx_uart.o)
 .debug_loc     0x00002f9c      0x1bc C:\Users\Lingke\Desktop\Personal\EE2028\Lib_MCU\Debug\libLib_MCU.a(lpc17xx_clkpwr.o)
 .debug_loc     0x00003158       0x55 c:/nxp/lpcxpresso_6.1.4_194/lpcxpresso/tools/bin/../lib/gcc/arm-none-eabi/4.6.2/../../../../arm-none-eabi/lib/armv7-m\libcr_newlib_semihost.a(_cr_sbrk.o)
 .debug_loc     0x000031ad       0x29 c:/nxp/lpcxpresso_6.1.4_194/lpcxpresso/tools/bin/../lib/gcc/arm-none-eabi/4.6.2/../../../../arm-none-eabi/lib/armv7-m\libcr_newlib_semihost.a(_cr_check_heap.o)

.debug_aranges  0x00000000      0x940
 .debug_aranges
                0x00000000       0x70 ./src/cr_startup_lpc17.o
 .debug_aranges
                0x00000070      0x100 ./src/main.o
 .debug_aranges
                0x00000170       0x28 C:\Users\Lingke\Desktop\Personal\EE2028\Lib_CMSISv1p30_LPC17xx\Debug\libCMSISv1p30_LPC17xx.a(system_LPC17xx.o)
 .debug_aranges
                0x00000198       0x60 C:\Users\Lingke\Desktop\Personal\EE2028\Lib_EaBaseBoard\Debug\libLib_EaBaseBoard.a(acc.o)
 .debug_aranges
                0x000001f8       0x28 C:\Users\Lingke\Desktop\Personal\EE2028\Lib_EaBaseBoard\Debug\libLib_EaBaseBoard.a(joystick.o)
 .debug_aranges
                0x00000220       0x28 C:\Users\Lingke\Desktop\Personal\EE2028\Lib_EaBaseBoard\Debug\libLib_EaBaseBoard.a(led7seg.o)
 .debug_aranges
                0x00000248       0x98 C:\Users\Lingke\Desktop\Personal\EE2028\Lib_EaBaseBoard\Debug\libLib_EaBaseBoard.a(light.o)
 .debug_aranges
                0x000002e0       0x90 C:\Users\Lingke\Desktop\Personal\EE2028\Lib_EaBaseBoard\Debug\libLib_EaBaseBoard.a(oled.o)
 .debug_aranges
                0x00000370       0x80 C:\Users\Lingke\Desktop\Personal\EE2028\Lib_EaBaseBoard\Debug\libLib_EaBaseBoard.a(pca9532.o)
 .debug_aranges
                0x000003f0       0x28 C:\Users\Lingke\Desktop\Personal\EE2028\Lib_EaBaseBoard\Debug\libLib_EaBaseBoard.a(temp.o)
 .debug_aranges
                0x00000418       0xc8 C:\Users\Lingke\Desktop\Personal\EE2028\Lib_MCU\Debug\libLib_MCU.a(lpc17xx_gpio.o)
 .debug_aranges
                0x000004e0       0xd0 C:\Users\Lingke\Desktop\Personal\EE2028\Lib_MCU\Debug\libLib_MCU.a(lpc17xx_i2c.o)
 .debug_aranges
                0x000005b0       0x20 C:\Users\Lingke\Desktop\Personal\EE2028\Lib_MCU\Debug\libLib_MCU.a(lpc17xx_libcfg_default.o)
 .debug_aranges
                0x000005d0       0x48 C:\Users\Lingke\Desktop\Personal\EE2028\Lib_MCU\Debug\libLib_MCU.a(lpc17xx_pinsel.o)
 .debug_aranges
                0x00000618       0xb8 C:\Users\Lingke\Desktop\Personal\EE2028\Lib_MCU\Debug\libLib_MCU.a(lpc17xx_ssp.o)
 .debug_aranges
                0x000006d0       0xa0 C:\Users\Lingke\Desktop\Personal\EE2028\Lib_MCU\Debug\libLib_MCU.a(lpc17xx_timer.o)
 .debug_aranges
                0x00000770      0x130 C:\Users\Lingke\Desktop\Personal\EE2028\Lib_MCU\Debug\libLib_MCU.a(lpc17xx_uart.o)
 .debug_aranges
                0x000008a0       0x60 C:\Users\Lingke\Desktop\Personal\EE2028\Lib_MCU\Debug\libLib_MCU.a(lpc17xx_clkpwr.o)
 .debug_aranges
                0x00000900       0x20 c:/nxp/lpcxpresso_6.1.4_194/lpcxpresso/tools/bin/../lib/gcc/arm-none-eabi/4.6.2/../../../../arm-none-eabi/lib/armv7-m\libcr_newlib_semihost.a(_cr_sbrk.o)
 .debug_aranges
                0x00000920       0x20 c:/nxp/lpcxpresso_6.1.4_194/lpcxpresso/tools/bin/../lib/gcc/arm-none-eabi/4.6.2/../../../../arm-none-eabi/lib/armv7-m\libcr_newlib_semihost.a(_cr_check_heap.o)

.debug_ranges   0x00000000      0x800
 .debug_ranges  0x00000000       0x60 ./src/cr_startup_lpc17.o
 .debug_ranges  0x00000060       0xf0 ./src/main.o
 .debug_ranges  0x00000150       0x18 C:\Users\Lingke\Desktop\Personal\EE2028\Lib_CMSISv1p30_LPC17xx\Debug\libCMSISv1p30_LPC17xx.a(system_LPC17xx.o)
 .debug_ranges  0x00000168       0x50 C:\Users\Lingke\Desktop\Personal\EE2028\Lib_EaBaseBoard\Debug\libLib_EaBaseBoard.a(acc.o)
 .debug_ranges  0x000001b8       0x18 C:\Users\Lingke\Desktop\Personal\EE2028\Lib_EaBaseBoard\Debug\libLib_EaBaseBoard.a(joystick.o)
 .debug_ranges  0x000001d0       0x18 C:\Users\Lingke\Desktop\Personal\EE2028\Lib_EaBaseBoard\Debug\libLib_EaBaseBoard.a(led7seg.o)
 .debug_ranges  0x000001e8       0x88 C:\Users\Lingke\Desktop\Personal\EE2028\Lib_EaBaseBoard\Debug\libLib_EaBaseBoard.a(light.o)
 .debug_ranges  0x00000270       0x80 C:\Users\Lingke\Desktop\Personal\EE2028\Lib_EaBaseBoard\Debug\libLib_EaBaseBoard.a(oled.o)
 .debug_ranges  0x000002f0       0x70 C:\Users\Lingke\Desktop\Personal\EE2028\Lib_EaBaseBoard\Debug\libLib_EaBaseBoard.a(pca9532.o)
 .debug_ranges  0x00000360       0x18 C:\Users\Lingke\Desktop\Personal\EE2028\Lib_EaBaseBoard\Debug\libLib_EaBaseBoard.a(temp.o)
 .debug_ranges  0x00000378       0xb8 C:\Users\Lingke\Desktop\Personal\EE2028\Lib_MCU\Debug\libLib_MCU.a(lpc17xx_gpio.o)
 .debug_ranges  0x00000430       0xc0 C:\Users\Lingke\Desktop\Personal\EE2028\Lib_MCU\Debug\libLib_MCU.a(lpc17xx_i2c.o)
 .debug_ranges  0x000004f0       0x10 C:\Users\Lingke\Desktop\Personal\EE2028\Lib_MCU\Debug\libLib_MCU.a(lpc17xx_libcfg_default.o)
 .debug_ranges  0x00000500       0x38 C:\Users\Lingke\Desktop\Personal\EE2028\Lib_MCU\Debug\libLib_MCU.a(lpc17xx_pinsel.o)
 .debug_ranges  0x00000538       0xa8 C:\Users\Lingke\Desktop\Personal\EE2028\Lib_MCU\Debug\libLib_MCU.a(lpc17xx_ssp.o)
 .debug_ranges  0x000005e0       0x90 C:\Users\Lingke\Desktop\Personal\EE2028\Lib_MCU\Debug\libLib_MCU.a(lpc17xx_timer.o)
 .debug_ranges  0x00000670      0x120 C:\Users\Lingke\Desktop\Personal\EE2028\Lib_MCU\Debug\libLib_MCU.a(lpc17xx_uart.o)
 .debug_ranges  0x00000790       0x50 C:\Users\Lingke\Desktop\Personal\EE2028\Lib_MCU\Debug\libLib_MCU.a(lpc17xx_clkpwr.o)
 .debug_ranges  0x000007e0       0x10 c:/nxp/lpcxpresso_6.1.4_194/lpcxpresso/tools/bin/../lib/gcc/arm-none-eabi/4.6.2/../../../../arm-none-eabi/lib/armv7-m\libcr_newlib_semihost.a(_cr_sbrk.o)
 .debug_ranges  0x000007f0       0x10 c:/nxp/lpcxpresso_6.1.4_194/lpcxpresso/tools/bin/../lib/gcc/arm-none-eabi/4.6.2/../../../../arm-none-eabi/lib/armv7-m\libcr_newlib_semihost.a(_cr_check_heap.o)

.debug_line     0x00000000     0x6e9f
 .debug_line    0x00000000      0x363 ./src/cr_startup_lpc17.o
 .debug_line    0x00000363      0xb6a ./src/main.o
 .debug_line    0x00000ecd      0x402 C:\Users\Lingke\Desktop\Personal\EE2028\Lib_CMSISv1p30_LPC17xx\Debug\libCMSISv1p30_LPC17xx.a(system_LPC17xx.o)
 .debug_line    0x000012cf      0x4d3 C:\Users\Lingke\Desktop\Personal\EE2028\Lib_EaBaseBoard\Debug\libLib_EaBaseBoard.a(acc.o)
 .debug_line    0x000017a2      0x43e C:\Users\Lingke\Desktop\Personal\EE2028\Lib_EaBaseBoard\Debug\libLib_EaBaseBoard.a(joystick.o)
 .debug_line    0x00001be0      0x44e C:\Users\Lingke\Desktop\Personal\EE2028\Lib_EaBaseBoard\Debug\libLib_EaBaseBoard.a(led7seg.o)
 .debug_line    0x0000202e      0x57f C:\Users\Lingke\Desktop\Personal\EE2028\Lib_EaBaseBoard\Debug\libLib_EaBaseBoard.a(light.o)
 .debug_line    0x000025ad      0x758 C:\Users\Lingke\Desktop\Personal\EE2028\Lib_EaBaseBoard\Debug\libLib_EaBaseBoard.a(oled.o)
 .debug_line    0x00002d05      0x56a C:\Users\Lingke\Desktop\Personal\EE2028\Lib_EaBaseBoard\Debug\libLib_EaBaseBoard.a(pca9532.o)
 .debug_line    0x0000326f      0x44c C:\Users\Lingke\Desktop\Personal\EE2028\Lib_EaBaseBoard\Debug\libLib_EaBaseBoard.a(temp.o)
 .debug_line    0x000036bb       0x7d C:\Users\Lingke\Desktop\Personal\EE2028\Lib_EaBaseBoard\Debug\libLib_EaBaseBoard.a(font5x7.o)
 .debug_line    0x00003738      0x5d4 C:\Users\Lingke\Desktop\Personal\EE2028\Lib_MCU\Debug\libLib_MCU.a(lpc17xx_gpio.o)
 .debug_line    0x00003d0c      0x8ef C:\Users\Lingke\Desktop\Personal\EE2028\Lib_MCU\Debug\libLib_MCU.a(lpc17xx_i2c.o)
 .debug_line    0x000045fb      0x379 C:\Users\Lingke\Desktop\Personal\EE2028\Lib_MCU\Debug\libLib_MCU.a(lpc17xx_libcfg_default.o)
 .debug_line    0x00004974      0x453 C:\Users\Lingke\Desktop\Personal\EE2028\Lib_MCU\Debug\libLib_MCU.a(lpc17xx_pinsel.o)
 .debug_line    0x00004dc7      0x822 C:\Users\Lingke\Desktop\Personal\EE2028\Lib_MCU\Debug\libLib_MCU.a(lpc17xx_ssp.o)
 .debug_line    0x000055e9      0x780 C:\Users\Lingke\Desktop\Personal\EE2028\Lib_MCU\Debug\libLib_MCU.a(lpc17xx_timer.o)
 .debug_line    0x00005d69      0xb6e C:\Users\Lingke\Desktop\Personal\EE2028\Lib_MCU\Debug\libLib_MCU.a(lpc17xx_uart.o)
 .debug_line    0x000068d7      0x4b4 C:\Users\Lingke\Desktop\Personal\EE2028\Lib_MCU\Debug\libLib_MCU.a(lpc17xx_clkpwr.o)
 .debug_line    0x00006d8b       0xc0 c:/nxp/lpcxpresso_6.1.4_194/lpcxpresso/tools/bin/../lib/gcc/arm-none-eabi/4.6.2/../../../../arm-none-eabi/lib/armv7-m\libcr_newlib_semihost.a(_cr_sbrk.o)
 .debug_line    0x00006e4b       0x54 c:/nxp/lpcxpresso_6.1.4_194/lpcxpresso/tools/bin/../lib/gcc/arm-none-eabi/4.6.2/../../../../arm-none-eabi/lib/armv7-m\libcr_newlib_semihost.a(_cr_check_heap.o)

.debug_macinfo  0x00000000    0xa5115
 .debug_macinfo
                0x00000000     0x2c15 ./src/cr_startup_lpc17.o
 .debug_macinfo
                0x00002c15     0xf694 ./src/main.o
 .debug_macinfo
                0x000122a9     0x83f8 C:\Users\Lingke\Desktop\Personal\EE2028\Lib_CMSISv1p30_LPC17xx\Debug\libCMSISv1p30_LPC17xx.a(system_LPC17xx.o)
 .debug_macinfo
                0x0001a6a1     0x8f1b C:\Users\Lingke\Desktop\Personal\EE2028\Lib_EaBaseBoard\Debug\libLib_EaBaseBoard.a(acc.o)
 .debug_macinfo
                0x000235bc     0x858b C:\Users\Lingke\Desktop\Personal\EE2028\Lib_EaBaseBoard\Debug\libLib_EaBaseBoard.a(joystick.o)
 .debug_macinfo
                0x0002bb47     0x96a3 C:\Users\Lingke\Desktop\Personal\EE2028\Lib_EaBaseBoard\Debug\libLib_EaBaseBoard.a(led7seg.o)
 .debug_macinfo
                0x000351ea     0x8e3a C:\Users\Lingke\Desktop\Personal\EE2028\Lib_EaBaseBoard\Debug\libLib_EaBaseBoard.a(light.o)
 .debug_macinfo
                0x0003e024     0xa143 C:\Users\Lingke\Desktop\Personal\EE2028\Lib_EaBaseBoard\Debug\libLib_EaBaseBoard.a(oled.o)
 .debug_macinfo
                0x00048167     0x8e59 C:\Users\Lingke\Desktop\Personal\EE2028\Lib_EaBaseBoard\Debug\libLib_EaBaseBoard.a(pca9532.o)
 .debug_macinfo
                0x00050fc0     0x85e6 C:\Users\Lingke\Desktop\Personal\EE2028\Lib_EaBaseBoard\Debug\libLib_EaBaseBoard.a(temp.o)
 .debug_macinfo
                0x000595a6     0x332a C:\Users\Lingke\Desktop\Personal\EE2028\Lib_EaBaseBoard\Debug\libLib_EaBaseBoard.a(font5x7.o)
 .debug_macinfo
                0x0005c8d0     0x86b8 C:\Users\Lingke\Desktop\Personal\EE2028\Lib_MCU\Debug\libLib_MCU.a(lpc17xx_gpio.o)
 .debug_macinfo
                0x00064f88     0xa5d8 C:\Users\Lingke\Desktop\Personal\EE2028\Lib_MCU\Debug\libLib_MCU.a(lpc17xx_i2c.o)
 .debug_macinfo
                0x0006f560     0x400d C:\Users\Lingke\Desktop\Personal\EE2028\Lib_MCU\Debug\libLib_MCU.a(lpc17xx_libcfg_default.o)
 .debug_macinfo
                0x0007356d     0x87d3 C:\Users\Lingke\Desktop\Personal\EE2028\Lib_MCU\Debug\libLib_MCU.a(lpc17xx_pinsel.o)
 .debug_macinfo
                0x0007bd40     0xa8d0 C:\Users\Lingke\Desktop\Personal\EE2028\Lib_MCU\Debug\libLib_MCU.a(lpc17xx_ssp.o)
 .debug_macinfo
                0x00086610     0xa4cd C:\Users\Lingke\Desktop\Personal\EE2028\Lib_MCU\Debug\libLib_MCU.a(lpc17xx_timer.o)
 .debug_macinfo
                0x00090add     0xb03f C:\Users\Lingke\Desktop\Personal\EE2028\Lib_MCU\Debug\libLib_MCU.a(lpc17xx_uart.o)
 .debug_macinfo
                0x0009bb1c     0x95f9 C:\Users\Lingke\Desktop\Personal\EE2028\Lib_MCU\Debug\libLib_MCU.a(lpc17xx_clkpwr.o)

.debug_str      0x00000000     0x2f09
 .debug_str     0x00000000      0x1be ./src/cr_startup_lpc17.o
                                0x1f8 (size before relaxing)
 .debug_str     0x000001be      0x987 ./src/main.o
                                0xadf (size before relaxing)
 .debug_str     0x00000b45      0x170 C:\Users\Lingke\Desktop\Personal\EE2028\Lib_CMSISv1p30_LPC17xx\Debug\libCMSISv1p30_LPC17xx.a(system_LPC17xx.o)
                                0x297 (size before relaxing)
 .debug_str     0x00000cb5      0x214 C:\Users\Lingke\Desktop\Personal\EE2028\Lib_EaBaseBoard\Debug\libLib_EaBaseBoard.a(acc.o)
                                0x393 (size before relaxing)
 .debug_str     0x00000ec9       0x3a C:\Users\Lingke\Desktop\Personal\EE2028\Lib_EaBaseBoard\Debug\libLib_EaBaseBoard.a(joystick.o)
                                0x164 (size before relaxing)
 .debug_str     0x00000f03       0x95 C:\Users\Lingke\Desktop\Personal\EE2028\Lib_EaBaseBoard\Debug\libLib_EaBaseBoard.a(led7seg.o)
                                0x1ff (size before relaxing)
 .debug_str     0x00000f98      0x24a C:\Users\Lingke\Desktop\Personal\EE2028\Lib_EaBaseBoard\Debug\libLib_EaBaseBoard.a(light.o)
                                0x4f8 (size before relaxing)
 .debug_str     0x000011e2      0x1b2 C:\Users\Lingke\Desktop\Personal\EE2028\Lib_EaBaseBoard\Debug\libLib_EaBaseBoard.a(oled.o)
                                0x3b0 (size before relaxing)
 .debug_str     0x00001394      0x136 C:\Users\Lingke\Desktop\Personal\EE2028\Lib_EaBaseBoard\Debug\libLib_EaBaseBoard.a(pca9532.o)
                                0x3ea (size before relaxing)
 .debug_str     0x000014ca       0x2d C:\Users\Lingke\Desktop\Personal\EE2028\Lib_EaBaseBoard\Debug\libLib_EaBaseBoard.a(temp.o)
                                0x167 (size before relaxing)
 .debug_str     0x000014f7       0x11 C:\Users\Lingke\Desktop\Personal\EE2028\Lib_EaBaseBoard\Debug\libLib_EaBaseBoard.a(font5x7.o)
                                 0xbb (size before relaxing)
 .debug_str     0x00001508      0x374 C:\Users\Lingke\Desktop\Personal\EE2028\Lib_MCU\Debug\libLib_MCU.a(lpc17xx_gpio.o)
                                0x46c (size before relaxing)
 .debug_str     0x0000187c      0x314 C:\Users\Lingke\Desktop\Personal\EE2028\Lib_MCU\Debug\libLib_MCU.a(lpc17xx_i2c.o)
                                0x802 (size before relaxing)
 .debug_str     0x00001b90       0x32 C:\Users\Lingke\Desktop\Personal\EE2028\Lib_MCU\Debug\libLib_MCU.a(lpc17xx_libcfg_default.o)
                                0x145 (size before relaxing)
 .debug_str     0x00001bc2      0x214 C:\Users\Lingke\Desktop\Personal\EE2028\Lib_MCU\Debug\libLib_MCU.a(lpc17xx_pinsel.o)
                                0x3a1 (size before relaxing)
 .debug_str     0x00001dd6      0x209 C:\Users\Lingke\Desktop\Personal\EE2028\Lib_MCU\Debug\libLib_MCU.a(lpc17xx_ssp.o)
                                0x47f (size before relaxing)
 .debug_str     0x00001fdf      0x433 C:\Users\Lingke\Desktop\Personal\EE2028\Lib_MCU\Debug\libLib_MCU.a(lpc17xx_timer.o)
                                0x5b5 (size before relaxing)
 .debug_str     0x00002412      0x92b C:\Users\Lingke\Desktop\Personal\EE2028\Lib_MCU\Debug\libLib_MCU.a(lpc17xx_uart.o)
                                0xc55 (size before relaxing)
 .debug_str     0x00002d3d       0xcb C:\Users\Lingke\Desktop\Personal\EE2028\Lib_MCU\Debug\libLib_MCU.a(lpc17xx_clkpwr.o)
                                0x39d (size before relaxing)
 .debug_str     0x00002e08       0xbc c:/nxp/lpcxpresso_6.1.4_194/lpcxpresso/tools/bin/../lib/gcc/arm-none-eabi/4.6.2/../../../../arm-none-eabi/lib/armv7-m\libcr_newlib_semihost.a(_cr_sbrk.o)
                                0x145 (size before relaxing)
 .debug_str     0x00002ec4       0x45 c:/nxp/lpcxpresso_6.1.4_194/lpcxpresso/tools/bin/../lib/gcc/arm-none-eabi/4.6.2/../../../../arm-none-eabi/lib/armv7-m\libcr_newlib_semihost.a(_cr_check_heap.o)
                                 0xd1 (size before relaxing)

.comment        0x00000000       0x9a
 .comment       0x00000000       0x70 ./src/cr_startup_lpc17.o
                                 0x71 (size before relaxing)
 .comment       0x00000000       0x71 ./src/main.o
 .comment       0x00000000       0x71 C:\Users\Lingke\Desktop\Personal\EE2028\Lib_CMSISv1p30_LPC17xx\Debug\libCMSISv1p30_LPC17xx.a(system_LPC17xx.o)
 .comment       0x00000000       0x71 C:\Users\Lingke\Desktop\Personal\EE2028\Lib_EaBaseBoard\Debug\libLib_EaBaseBoard.a(acc.o)
 .comment       0x00000000       0x71 C:\Users\Lingke\Desktop\Personal\EE2028\Lib_EaBaseBoard\Debug\libLib_EaBaseBoard.a(joystick.o)
 .comment       0x00000000       0x71 C:\Users\Lingke\Desktop\Personal\EE2028\Lib_EaBaseBoard\Debug\libLib_EaBaseBoard.a(led7seg.o)
 .comment       0x00000000       0x71 C:\Users\Lingke\Desktop\Personal\EE2028\Lib_EaBaseBoard\Debug\libLib_EaBaseBoard.a(light.o)
 .comment       0x00000000       0x71 C:\Users\Lingke\Desktop\Personal\EE2028\Lib_EaBaseBoard\Debug\libLib_EaBaseBoard.a(oled.o)
 .comment       0x00000000       0x71 C:\Users\Lingke\Desktop\Personal\EE2028\Lib_EaBaseBoard\Debug\libLib_EaBaseBoard.a(pca9532.o)
 .comment       0x00000000       0x71 C:\Users\Lingke\Desktop\Personal\EE2028\Lib_EaBaseBoard\Debug\libLib_EaBaseBoard.a(temp.o)
 .comment       0x00000000       0x71 C:\Users\Lingke\Desktop\Personal\EE2028\Lib_EaBaseBoard\Debug\libLib_EaBaseBoard.a(font5x7.o)
 .comment       0x00000000       0x71 C:\Users\Lingke\Desktop\Personal\EE2028\Lib_MCU\Debug\libLib_MCU.a(lpc17xx_gpio.o)
 .comment       0x00000000       0x71 C:\Users\Lingke\Desktop\Personal\EE2028\Lib_MCU\Debug\libLib_MCU.a(lpc17xx_i2c.o)
 .comment       0x00000000       0x71 C:\Users\Lingke\Desktop\Personal\EE2028\Lib_MCU\Debug\libLib_MCU.a(lpc17xx_libcfg_default.o)
 .comment       0x00000000       0x71 C:\Users\Lingke\Desktop\Personal\EE2028\Lib_MCU\Debug\libLib_MCU.a(lpc17xx_pinsel.o)
 .comment       0x00000000       0x71 C:\Users\Lingke\Desktop\Personal\EE2028\Lib_MCU\Debug\libLib_MCU.a(lpc17xx_ssp.o)
 .comment       0x00000000       0x71 C:\Users\Lingke\Desktop\Personal\EE2028\Lib_MCU\Debug\libLib_MCU.a(lpc17xx_timer.o)
 .comment       0x00000000       0x71 C:\Users\Lingke\Desktop\Personal\EE2028\Lib_MCU\Debug\libLib_MCU.a(lpc17xx_uart.o)
 .comment       0x00000000       0x71 C:\Users\Lingke\Desktop\Personal\EE2028\Lib_MCU\Debug\libLib_MCU.a(lpc17xx_clkpwr.o)
 .comment       0x00000070       0x2a c:/nxp/lpcxpresso_6.1.4_194/lpcxpresso/tools/bin/../lib/gcc/arm-none-eabi/4.6.2/../../../../arm-none-eabi/lib/armv7-m\libcr_newlib_semihost.a(_cr_sbrk.o)
                                 0x2b (size before relaxing)
 .comment       0x00000000       0x2b c:/nxp/lpcxpresso_6.1.4_194/lpcxpresso/tools/bin/../lib/gcc/arm-none-eabi/4.6.2/../../../../arm-none-eabi/lib/armv7-m\libcr_newlib_semihost.a(_cr_check_heap.o)

.ARM.attributes
                0x00000000       0x33
 .ARM.attributes
                0x00000000       0x33 ./src/cr_startup_lpc17.o
 .ARM.attributes
                0x00000033       0x33 ./src/main.o
 .ARM.attributes
                0x00000066       0x33 C:\Users\Lingke\Desktop\Personal\EE2028\Lib_CMSISv1p30_LPC17xx\Debug\libCMSISv1p30_LPC17xx.a(system_LPC17xx.o)
 .ARM.attributes
                0x00000099       0x33 C:\Users\Lingke\Desktop\Personal\EE2028\Lib_EaBaseBoard\Debug\libLib_EaBaseBoard.a(acc.o)
 .ARM.attributes
                0x000000cc       0x33 C:\Users\Lingke\Desktop\Personal\EE2028\Lib_EaBaseBoard\Debug\libLib_EaBaseBoard.a(joystick.o)
 .ARM.attributes
                0x000000ff       0x33 C:\Users\Lingke\Desktop\Personal\EE2028\Lib_EaBaseBoard\Debug\libLib_EaBaseBoard.a(led7seg.o)
 .ARM.attributes
                0x00000132       0x33 C:\Users\Lingke\Desktop\Personal\EE2028\Lib_EaBaseBoard\Debug\libLib_EaBaseBoard.a(light.o)
 .ARM.attributes
                0x00000165       0x33 C:\Users\Lingke\Desktop\Personal\EE2028\Lib_EaBaseBoard\Debug\libLib_EaBaseBoard.a(oled.o)
 .ARM.attributes
                0x00000198       0x33 C:\Users\Lingke\Desktop\Personal\EE2028\Lib_EaBaseBoard\Debug\libLib_EaBaseBoard.a(pca9532.o)
 .ARM.attributes
                0x000001cb       0x33 C:\Users\Lingke\Desktop\Personal\EE2028\Lib_EaBaseBoard\Debug\libLib_EaBaseBoard.a(temp.o)
 .ARM.attributes
                0x000001fe       0x33 C:\Users\Lingke\Desktop\Personal\EE2028\Lib_EaBaseBoard\Debug\libLib_EaBaseBoard.a(font5x7.o)
 .ARM.attributes
                0x00000231       0x33 C:\Users\Lingke\Desktop\Personal\EE2028\Lib_MCU\Debug\libLib_MCU.a(lpc17xx_gpio.o)
 .ARM.attributes
                0x00000264       0x33 C:\Users\Lingke\Desktop\Personal\EE2028\Lib_MCU\Debug\libLib_MCU.a(lpc17xx_i2c.o)
 .ARM.attributes
                0x00000297       0x33 C:\Users\Lingke\Desktop\Personal\EE2028\Lib_MCU\Debug\libLib_MCU.a(lpc17xx_libcfg_default.o)
 .ARM.attributes
                0x000002ca       0x33 C:\Users\Lingke\Desktop\Personal\EE2028\Lib_MCU\Debug\libLib_MCU.a(lpc17xx_pinsel.o)
 .ARM.attributes
                0x000002fd       0x33 C:\Users\Lingke\Desktop\Personal\EE2028\Lib_MCU\Debug\libLib_MCU.a(lpc17xx_ssp.o)
 .ARM.attributes
                0x00000330       0x33 C:\Users\Lingke\Desktop\Personal\EE2028\Lib_MCU\Debug\libLib_MCU.a(lpc17xx_timer.o)
 .ARM.attributes
                0x00000363       0x33 C:\Users\Lingke\Desktop\Personal\EE2028\Lib_MCU\Debug\libLib_MCU.a(lpc17xx_uart.o)
 .ARM.attributes
                0x00000396       0x33 C:\Users\Lingke\Desktop\Personal\EE2028\Lib_MCU\Debug\libLib_MCU.a(lpc17xx_clkpwr.o)
 .ARM.attributes
                0x000003c9       0x1d c:/nxp/lpcxpresso_6.1.4_194/lpcxpresso/tools/bin/../lib/gcc/arm-none-eabi/4.6.2/armv7-m\libgcc.a(_arm_addsubdf3.o)
 .ARM.attributes
                0x000003e6       0x1d c:/nxp/lpcxpresso_6.1.4_194/lpcxpresso/tools/bin/../lib/gcc/arm-none-eabi/4.6.2/armv7-m\libgcc.a(_arm_muldivdf3.o)
 .ARM.attributes
                0x00000403       0x1d c:/nxp/lpcxpresso_6.1.4_194/lpcxpresso/tools/bin/../lib/gcc/arm-none-eabi/4.6.2/armv7-m\libgcc.a(_arm_truncdfsf2.o)
 .ARM.attributes
                0x00000420       0x1d c:/nxp/lpcxpresso_6.1.4_194/lpcxpresso/tools/bin/../lib/gcc/arm-none-eabi/4.6.2/armv7-m\libgcc.a(_arm_cmpsf2.o)
 .ARM.attributes
                0x0000043d       0x1d c:/nxp/lpcxpresso_6.1.4_194/lpcxpresso/tools/bin/../lib/gcc/arm-none-eabi/4.6.2/armv7-m\libgcc.a(_aeabi_uldivmod.o)
 .ARM.attributes
                0x0000045a       0x2d c:/nxp/lpcxpresso_6.1.4_194/lpcxpresso/tools/bin/../lib/gcc/arm-none-eabi/4.6.2/armv7-m\libgcc.a(bpabi.o)
 .ARM.attributes
                0x00000487       0x1d c:/nxp/lpcxpresso_6.1.4_194/lpcxpresso/tools/bin/../lib/gcc/arm-none-eabi/4.6.2/armv7-m\libgcc.a(_dvmd_tls.o)
 .ARM.attributes
                0x000004a4       0x2d c:/nxp/lpcxpresso_6.1.4_194/lpcxpresso/tools/bin/../lib/gcc/arm-none-eabi/4.6.2/armv7-m\libgcc.a(_divdi3.o)
 .ARM.attributes
                0x000004d1       0x2d c:/nxp/lpcxpresso_6.1.4_194/lpcxpresso/tools/bin/../lib/gcc/arm-none-eabi/4.6.2/armv7-m\libgcc.a(_udivdi3.o)
 .ARM.attributes
                0x000004fe       0x2d c:/nxp/lpcxpresso_6.1.4_194/lpcxpresso/tools/bin/../lib/gcc/arm-none-eabi/4.6.2/../../../../arm-none-eabi/lib/armv7-m\libc.a(lib_a-memset.o)
 .ARM.attributes
                0x0000052b       0x2d c:/nxp/lpcxpresso_6.1.4_194/lpcxpresso/tools/bin/../lib/gcc/arm-none-eabi/4.6.2/../../../../arm-none-eabi/lib/armv7-m\libc.a(lib_a-sprintf.o)
 .ARM.attributes
                0x00000558       0x2d c:/nxp/lpcxpresso_6.1.4_194/lpcxpresso/tools/bin/../lib/gcc/arm-none-eabi/4.6.2/../../../../arm-none-eabi/lib/armv7-m\libc.a(lib_a-strlen.o)
 .ARM.attributes
                0x00000585       0x2d c:/nxp/lpcxpresso_6.1.4_194/lpcxpresso/tools/bin/../lib/gcc/arm-none-eabi/4.6.2/../../../../arm-none-eabi/lib/armv7-m\libc.a(lib_a-svfprintf.o)
 .ARM.attributes
                0x000005b2       0x2d c:/nxp/lpcxpresso_6.1.4_194/lpcxpresso/tools/bin/../lib/gcc/arm-none-eabi/4.6.2/../../../../arm-none-eabi/lib/armv7-m\libc.a(lib_a-dtoa.o)
 .ARM.attributes
                0x000005df       0x2d c:/nxp/lpcxpresso_6.1.4_194/lpcxpresso/tools/bin/../lib/gcc/arm-none-eabi/4.6.2/../../../../arm-none-eabi/lib/armv7-m\libc.a(lib_a-impure.o)
 .ARM.attributes
                0x0000060c       0x2d c:/nxp/lpcxpresso_6.1.4_194/lpcxpresso/tools/bin/../lib/gcc/arm-none-eabi/4.6.2/../../../../arm-none-eabi/lib/armv7-m\libc.a(lib_a-locale.o)
 .ARM.attributes
                0x00000639       0x2d c:/nxp/lpcxpresso_6.1.4_194/lpcxpresso/tools/bin/../lib/gcc/arm-none-eabi/4.6.2/../../../../arm-none-eabi/lib/armv7-m\libc.a(lib_a-mallocr.o)
 .ARM.attributes
                0x00000666       0x2d c:/nxp/lpcxpresso_6.1.4_194/lpcxpresso/tools/bin/../lib/gcc/arm-none-eabi/4.6.2/../../../../arm-none-eabi/lib/armv7-m\libc.a(lib_a-memchr.o)
 .ARM.attributes
                0x00000693       0x2d c:/nxp/lpcxpresso_6.1.4_194/lpcxpresso/tools/bin/../lib/gcc/arm-none-eabi/4.6.2/../../../../arm-none-eabi/lib/armv7-m\libc.a(lib_a-memcpy.o)
 .ARM.attributes
                0x000006c0       0x2d c:/nxp/lpcxpresso_6.1.4_194/lpcxpresso/tools/bin/../lib/gcc/arm-none-eabi/4.6.2/../../../../arm-none-eabi/lib/armv7-m\libc.a(lib_a-mlock.o)
 .ARM.attributes
                0x000006ed       0x2d c:/nxp/lpcxpresso_6.1.4_194/lpcxpresso/tools/bin/../lib/gcc/arm-none-eabi/4.6.2/../../../../arm-none-eabi/lib/armv7-m\libc.a(lib_a-mprec.o)
 .ARM.attributes
                0x0000071a       0x2d c:/nxp/lpcxpresso_6.1.4_194/lpcxpresso/tools/bin/../lib/gcc/arm-none-eabi/4.6.2/../../../../arm-none-eabi/lib/armv7-m\libc.a(lib_a-s_fpclassify.o)
 .ARM.attributes
                0x00000747       0x2d c:/nxp/lpcxpresso_6.1.4_194/lpcxpresso/tools/bin/../lib/gcc/arm-none-eabi/4.6.2/../../../../arm-none-eabi/lib/armv7-m\libc.a(lib_a-sbrkr.o)
 .ARM.attributes
                0x00000774       0x2d c:/nxp/lpcxpresso_6.1.4_194/lpcxpresso/tools/bin/../lib/gcc/arm-none-eabi/4.6.2/../../../../arm-none-eabi/lib/armv7-m\libc.a(lib_a-strcmp.o)
 .ARM.attributes
                0x000007a1       0x2d c:/nxp/lpcxpresso_6.1.4_194/lpcxpresso/tools/bin/../lib/gcc/arm-none-eabi/4.6.2/../../../../arm-none-eabi/lib/armv7-m\libc.a(lib_a-svfiprintf.o)
 .ARM.attributes
                0x000007ce       0x2d c:/nxp/lpcxpresso_6.1.4_194/lpcxpresso/tools/bin/../lib/gcc/arm-none-eabi/4.6.2/../../../../arm-none-eabi/lib/armv7-m\libc.a(lib_a-callocr.o)
 .ARM.attributes
                0x000007fb       0x2d c:/nxp/lpcxpresso_6.1.4_194/lpcxpresso/tools/bin/../lib/gcc/arm-none-eabi/4.6.2/../../../../arm-none-eabi/lib/armv7-m\libc.a(lib_a-freer.o)
 .ARM.attributes
                0x00000828       0x2d c:/nxp/lpcxpresso_6.1.4_194/lpcxpresso/tools/bin/../lib/gcc/arm-none-eabi/4.6.2/../../../../arm-none-eabi/lib/armv7-m\libc.a(lib_a-memmove.o)
 .ARM.attributes
                0x00000855       0x2d c:/nxp/lpcxpresso_6.1.4_194/lpcxpresso/tools/bin/../lib/gcc/arm-none-eabi/4.6.2/../../../../arm-none-eabi/lib/armv7-m\libc.a(lib_a-reallocr.o)
 .ARM.attributes
                0x00000882       0x2d c:/nxp/lpcxpresso_6.1.4_194/lpcxpresso/tools/bin/../lib/gcc/arm-none-eabi/4.6.2/../../../../arm-none-eabi/lib/armv7-m\libc.a(lib_a-reent.o)
 .ARM.attributes
                0x000008af       0x31 c:/nxp/lpcxpresso_6.1.4_194/lpcxpresso/tools/bin/../lib/gcc/arm-none-eabi/4.6.2/../../../../arm-none-eabi/lib/armv7-m\libcr_newlib_semihost.a(_cr_sbrk.o)
 .ARM.attributes
                0x000008e0       0x31 c:/nxp/lpcxpresso_6.1.4_194/lpcxpresso/tools/bin/../lib/gcc/arm-none-eabi/4.6.2/../../../../arm-none-eabi/lib/armv7-m\libcr_newlib_semihost.a(_cr_check_heap.o)
 .ARM.attributes
                0x00000911       0x1d c:/nxp/lpcxpresso_6.1.4_194/lpcxpresso/tools/bin/../lib/gcc/arm-none-eabi/4.6.2/armv7-m\libgcc.a(_arm_cmpdf2.o)
 .ARM.attributes
                0x0000092e       0x1d c:/nxp/lpcxpresso_6.1.4_194/lpcxpresso/tools/bin/../lib/gcc/arm-none-eabi/4.6.2/armv7-m\libgcc.a(_arm_fixdfsi.o)
 .ARM.attributes
                0x0000094b       0x2d c:/nxp/lpcxpresso_6.1.4_194/lpcxpresso/tools/bin/../lib/gcc/arm-none-eabi/4.6.2/../../../../arm-none-eabi/lib/armv7-m\libc.a(lib_a-errno.o)

.debug_frame    0x00000000     0x2510
 .debug_frame   0x00000000      0x120 ./src/cr_startup_lpc17.o
 .debug_frame   0x00000120      0x36c ./src/main.o
 .debug_frame   0x0000048c       0x48 C:\Users\Lingke\Desktop\Personal\EE2028\Lib_CMSISv1p30_LPC17xx\Debug\libCMSISv1p30_LPC17xx.a(system_LPC17xx.o)
 .debug_frame   0x000004d4      0x12c C:\Users\Lingke\Desktop\Personal\EE2028\Lib_EaBaseBoard\Debug\libLib_EaBaseBoard.a(acc.o)
 .debug_frame   0x00000600       0x4c C:\Users\Lingke\Desktop\Personal\EE2028\Lib_EaBaseBoard\Debug\libLib_EaBaseBoard.a(joystick.o)
 .debug_frame   0x0000064c       0x4c C:\Users\Lingke\Desktop\Personal\EE2028\Lib_EaBaseBoard\Debug\libLib_EaBaseBoard.a(led7seg.o)
 .debug_frame   0x00000698      0x208 C:\Users\Lingke\Desktop\Personal\EE2028\Lib_EaBaseBoard\Debug\libLib_EaBaseBoard.a(light.o)
 .debug_frame   0x000008a0      0x1ec C:\Users\Lingke\Desktop\Personal\EE2028\Lib_EaBaseBoard\Debug\libLib_EaBaseBoard.a(oled.o)
 .debug_frame   0x00000a8c      0x1a8 C:\Users\Lingke\Desktop\Personal\EE2028\Lib_EaBaseBoard\Debug\libLib_EaBaseBoard.a(pca9532.o)
 .debug_frame   0x00000c34       0x50 C:\Users\Lingke\Desktop\Personal\EE2028\Lib_EaBaseBoard\Debug\libLib_EaBaseBoard.a(temp.o)
 .debug_frame   0x00000c84      0x2c4 C:\Users\Lingke\Desktop\Personal\EE2028\Lib_MCU\Debug\libLib_MCU.a(lpc17xx_gpio.o)
 .debug_frame   0x00000f48      0x2c8 C:\Users\Lingke\Desktop\Personal\EE2028\Lib_MCU\Debug\libLib_MCU.a(lpc17xx_i2c.o)
 .debug_frame   0x00001210       0x2c C:\Users\Lingke\Desktop\Personal\EE2028\Lib_MCU\Debug\libLib_MCU.a(lpc17xx_libcfg_default.o)
 .debug_frame   0x0000123c       0xbc C:\Users\Lingke\Desktop\Personal\EE2028\Lib_MCU\Debug\libLib_MCU.a(lpc17xx_pinsel.o)
 .debug_frame   0x000012f8      0x280 C:\Users\Lingke\Desktop\Personal\EE2028\Lib_MCU\Debug\libLib_MCU.a(lpc17xx_ssp.o)
 .debug_frame   0x00001578      0x228 C:\Users\Lingke\Desktop\Personal\EE2028\Lib_MCU\Debug\libLib_MCU.a(lpc17xx_timer.o)
 .debug_frame   0x000017a0      0x44c C:\Users\Lingke\Desktop\Personal\EE2028\Lib_MCU\Debug\libLib_MCU.a(lpc17xx_uart.o)
 .debug_frame   0x00001bec      0x10c C:\Users\Lingke\Desktop\Personal\EE2028\Lib_MCU\Debug\libLib_MCU.a(lpc17xx_clkpwr.o)
 .debug_frame   0x00001cf8       0x50 c:/nxp/lpcxpresso_6.1.4_194/lpcxpresso/tools/bin/../lib/gcc/arm-none-eabi/4.6.2/armv7-m\libgcc.a(bpabi.o)
 .debug_frame   0x00001d48       0x34 c:/nxp/lpcxpresso_6.1.4_194/lpcxpresso/tools/bin/../lib/gcc/arm-none-eabi/4.6.2/armv7-m\libgcc.a(_divdi3.o)
 .debug_frame   0x00001d7c       0x34 c:/nxp/lpcxpresso_6.1.4_194/lpcxpresso/tools/bin/../lib/gcc/arm-none-eabi/4.6.2/armv7-m\libgcc.a(_udivdi3.o)
 .debug_frame   0x00001db0       0x2c c:/nxp/lpcxpresso_6.1.4_194/lpcxpresso/tools/bin/../lib/gcc/arm-none-eabi/4.6.2/../../../../arm-none-eabi/lib/armv7-m\libc.a(lib_a-memset.o)
 .debug_frame   0x00001ddc       0x64 c:/nxp/lpcxpresso_6.1.4_194/lpcxpresso/tools/bin/../lib/gcc/arm-none-eabi/4.6.2/../../../../arm-none-eabi/lib/armv7-m\libc.a(lib_a-sprintf.o)
 .debug_frame   0x00001e40       0x20 c:/nxp/lpcxpresso_6.1.4_194/lpcxpresso/tools/bin/../lib/gcc/arm-none-eabi/4.6.2/../../../../arm-none-eabi/lib/armv7-m\libc.a(lib_a-strlen.o)
 .debug_frame   0x00001e60       0x3c c:/nxp/lpcxpresso_6.1.4_194/lpcxpresso/tools/bin/../lib/gcc/arm-none-eabi/4.6.2/../../../../arm-none-eabi/lib/armv7-m\libc.a(lib_a-svfprintf.o)
 .debug_frame   0x00001e9c       0x64 c:/nxp/lpcxpresso_6.1.4_194/lpcxpresso/tools/bin/../lib/gcc/arm-none-eabi/4.6.2/../../../../arm-none-eabi/lib/armv7-m\libc.a(lib_a-dtoa.o)
 .debug_frame   0x00001f00       0x98 c:/nxp/lpcxpresso_6.1.4_194/lpcxpresso/tools/bin/../lib/gcc/arm-none-eabi/4.6.2/../../../../arm-none-eabi/lib/armv7-m\libc.a(lib_a-locale.o)
 .debug_frame   0x00001f98       0x38 c:/nxp/lpcxpresso_6.1.4_194/lpcxpresso/tools/bin/../lib/gcc/arm-none-eabi/4.6.2/../../../../arm-none-eabi/lib/armv7-m\libc.a(lib_a-mallocr.o)
 .debug_frame   0x00001fd0       0x2c c:/nxp/lpcxpresso_6.1.4_194/lpcxpresso/tools/bin/../lib/gcc/arm-none-eabi/4.6.2/../../../../arm-none-eabi/lib/armv7-m\libc.a(lib_a-memchr.o)
 .debug_frame   0x00001ffc       0x2c c:/nxp/lpcxpresso_6.1.4_194/lpcxpresso/tools/bin/../lib/gcc/arm-none-eabi/4.6.2/../../../../arm-none-eabi/lib/armv7-m\libc.a(lib_a-memcpy.o)
 .debug_frame   0x00002028       0x30 c:/nxp/lpcxpresso_6.1.4_194/lpcxpresso/tools/bin/../lib/gcc/arm-none-eabi/4.6.2/../../../../arm-none-eabi/lib/armv7-m\libc.a(lib_a-mlock.o)
 .debug_frame   0x00002058      0x228 c:/nxp/lpcxpresso_6.1.4_194/lpcxpresso/tools/bin/../lib/gcc/arm-none-eabi/4.6.2/../../../../arm-none-eabi/lib/armv7-m\libc.a(lib_a-mprec.o)
 .debug_frame   0x00002280       0x20 c:/nxp/lpcxpresso_6.1.4_194/lpcxpresso/tools/bin/../lib/gcc/arm-none-eabi/4.6.2/../../../../arm-none-eabi/lib/armv7-m\libc.a(lib_a-s_fpclassify.o)
 .debug_frame   0x000022a0       0x2c c:/nxp/lpcxpresso_6.1.4_194/lpcxpresso/tools/bin/../lib/gcc/arm-none-eabi/4.6.2/../../../../arm-none-eabi/lib/armv7-m\libc.a(lib_a-sbrkr.o)
 .debug_frame   0x000022cc       0x30 c:/nxp/lpcxpresso_6.1.4_194/lpcxpresso/tools/bin/../lib/gcc/arm-none-eabi/4.6.2/../../../../arm-none-eabi/lib/armv7-m\libc.a(lib_a-strcmp.o)
 .debug_frame   0x000022fc       0x64 c:/nxp/lpcxpresso_6.1.4_194/lpcxpresso/tools/bin/../lib/gcc/arm-none-eabi/4.6.2/../../../../arm-none-eabi/lib/armv7-m\libc.a(lib_a-svfiprintf.o)
 .debug_frame   0x00002360       0x28 c:/nxp/lpcxpresso_6.1.4_194/lpcxpresso/tools/bin/../lib/gcc/arm-none-eabi/4.6.2/../../../../arm-none-eabi/lib/armv7-m\libc.a(lib_a-callocr.o)
 .debug_frame   0x00002388       0x50 c:/nxp/lpcxpresso_6.1.4_194/lpcxpresso/tools/bin/../lib/gcc/arm-none-eabi/4.6.2/../../../../arm-none-eabi/lib/armv7-m\libc.a(lib_a-freer.o)
 .debug_frame   0x000023d8       0x2c c:/nxp/lpcxpresso_6.1.4_194/lpcxpresso/tools/bin/../lib/gcc/arm-none-eabi/4.6.2/../../../../arm-none-eabi/lib/armv7-m\libc.a(lib_a-memmove.o)
 .debug_frame   0x00002404       0x38 c:/nxp/lpcxpresso_6.1.4_194/lpcxpresso/tools/bin/../lib/gcc/arm-none-eabi/4.6.2/../../../../arm-none-eabi/lib/armv7-m\libc.a(lib_a-reallocr.o)
 .debug_frame   0x0000243c       0x68 c:/nxp/lpcxpresso_6.1.4_194/lpcxpresso/tools/bin/../lib/gcc/arm-none-eabi/4.6.2/../../../../arm-none-eabi/lib/armv7-m\libc.a(lib_a-reent.o)
 .debug_frame   0x000024a4       0x2c c:/nxp/lpcxpresso_6.1.4_194/lpcxpresso/tools/bin/../lib/gcc/arm-none-eabi/4.6.2/../../../../arm-none-eabi/lib/armv7-m\libcr_newlib_semihost.a(_cr_sbrk.o)
 .debug_frame   0x000024d0       0x20 c:/nxp/lpcxpresso_6.1.4_194/lpcxpresso/tools/bin/../lib/gcc/arm-none-eabi/4.6.2/../../../../arm-none-eabi/lib/armv7-m\libcr_newlib_semihost.a(_cr_check_heap.o)
 .debug_frame   0x000024f0       0x20 c:/nxp/lpcxpresso_6.1.4_194/lpcxpresso/tools/bin/../lib/gcc/arm-none-eabi/4.6.2/../../../../arm-none-eabi/lib/armv7-m\libc.a(lib_a-errno.o)

.debug_pubnames
                0x00000000       0x68
 .debug_pubnames
                0x00000000       0x2e c:/nxp/lpcxpresso_6.1.4_194/lpcxpresso/tools/bin/../lib/gcc/arm-none-eabi/4.6.2/../../../../arm-none-eabi/lib/armv7-m\libcr_newlib_semihost.a(_cr_sbrk.o)
 .debug_pubnames
                0x0000002e       0x3a c:/nxp/lpcxpresso_6.1.4_194/lpcxpresso/tools/bin/../lib/gcc/arm-none-eabi/4.6.2/../../../../arm-none-eabi/lib/armv7-m\libcr_newlib_semihost.a(_cr_check_heap.o)

.debug_pubtypes
                0x00000000       0x1d
 .debug_pubtypes
                0x00000000       0x1d c:/nxp/lpcxpresso_6.1.4_194/lpcxpresso/tools/bin/../lib/gcc/arm-none-eabi/4.6.2/../../../../arm-none-eabi/lib/armv7-m\libcr_newlib_semihost.a(_cr_sbrk.o)
